Component: ARM Compiler 5.05 update 1 (build 106) Tool: armlink [4d0efa]

==============================================================================

Section Cross References

    main.o(i.main) refers to bsp.o(i.BSP_init) for BSP_init
    main.o(i.main) refers to blinky.o(i.Blinky_ctor) for Blinky_ctor
    main.o(i.main) refers to blinky.o(.constdata) for AO_Blinky
    main.o(i.main) refers to main.o(.bss) for l_blinkyQSto
    blinky.o(i.Blinky_0) refers to bsp.o(i.BSP_ledAOn) for BSP_ledAOn
    blinky.o(i.Blinky_0) refers to bsp.o(i.BSP_ledBOff) for BSP_ledBOff
    blinky.o(i.Blinky_0) refers to bsp.o(i.BSP_ledCOff) for BSP_ledCOff
    blinky.o(i.Blinky_0) refers to bsp.o(i.BSP_ledDOff) for BSP_ledDOff
    blinky.o(i.Blinky_0) refers to bsp.o(i.BSP_ledEOff) for BSP_ledEOff
    blinky.o(i.Blinky_0) refers to bsp.o(i.BSP_led0On) for BSP_led0On
    blinky.o(i.Blinky_0) refers to bsp.o(i.BSP_led1Off) for BSP_led1Off
    blinky.o(i.Blinky_0) refers to bsp.o(i.BSP_led2Off) for BSP_led2Off
    blinky.o(i.Blinky_0) refers to bsp.o(i.BSP_led3Off) for BSP_led3Off
    blinky.o(i.Blinky_0) refers to bsp.o(i.BSP_led4Off) for BSP_led4Off
    blinky.o(i.Blinky_0) refers to bsp.o(i.BSP_led5Off) for BSP_led5Off
    blinky.o(i.Blinky_0) refers to bsp.o(i.BSP_led6Off) for BSP_led6Off
    blinky.o(i.Blinky_0) refers to bsp.o(i.BSP_led7Off) for BSP_led7Off
    blinky.o(i.Blinky_0) refers to blinky.o(i.Blinky_1) for Blinky_1
    blinky.o(i.Blinky_1) refers to bsp.o(i.BSP_ledAOff) for BSP_ledAOff
    blinky.o(i.Blinky_1) refers to bsp.o(i.BSP_ledBOff) for BSP_ledBOff
    blinky.o(i.Blinky_1) refers to bsp.o(i.BSP_ledCOff) for BSP_ledCOff
    blinky.o(i.Blinky_1) refers to bsp.o(i.BSP_ledDOn) for BSP_ledDOn
    blinky.o(i.Blinky_1) refers to bsp.o(i.BSP_ledEOn) for BSP_ledEOn
    blinky.o(i.Blinky_1) refers to bsp.o(i.BSP_led0On) for BSP_led0On
    blinky.o(i.Blinky_1) refers to bsp.o(i.BSP_led1On) for BSP_led1On
    blinky.o(i.Blinky_1) refers to bsp.o(i.BSP_led2Off) for BSP_led2Off
    blinky.o(i.Blinky_1) refers to bsp.o(i.BSP_led3Off) for BSP_led3Off
    blinky.o(i.Blinky_1) refers to bsp.o(i.BSP_led4Off) for BSP_led4Off
    blinky.o(i.Blinky_1) refers to bsp.o(i.BSP_led5Off) for BSP_led5Off
    blinky.o(i.Blinky_1) refers to bsp.o(i.BSP_led6Off) for BSP_led6Off
    blinky.o(i.Blinky_1) refers to bsp.o(i.BSP_led7Off) for BSP_led7Off
    blinky.o(i.Blinky_1) refers to blinky.o(i.Blinky_4) for Blinky_4
    blinky.o(i.Blinky_4) refers to bsp.o(i.BSP_ledAOff) for BSP_ledAOff
    blinky.o(i.Blinky_4) refers to bsp.o(i.BSP_ledBOff) for BSP_ledBOff
    blinky.o(i.Blinky_4) refers to bsp.o(i.BSP_ledCOn) for BSP_ledCOn
    blinky.o(i.Blinky_4) refers to bsp.o(i.BSP_ledDOn) for BSP_ledDOn
    blinky.o(i.Blinky_4) refers to bsp.o(i.BSP_ledEOn) for BSP_ledEOn
    blinky.o(i.Blinky_4) refers to bsp.o(i.BSP_led0Off) for BSP_led0Off
    blinky.o(i.Blinky_4) refers to bsp.o(i.BSP_led1Off) for BSP_led1Off
    blinky.o(i.Blinky_4) refers to bsp.o(i.BSP_led2Off) for BSP_led2Off
    blinky.o(i.Blinky_4) refers to bsp.o(i.BSP_led3Off) for BSP_led3Off
    blinky.o(i.Blinky_4) refers to bsp.o(i.BSP_led4Off) for BSP_led4Off
    blinky.o(i.Blinky_4) refers to bsp.o(i.BSP_led5On) for BSP_led5On
    blinky.o(i.Blinky_4) refers to bsp.o(i.BSP_led6On) for BSP_led6On
    blinky.o(i.Blinky_4) refers to bsp.o(i.BSP_led7On) for BSP_led7On
    blinky.o(i.Blinky_4) refers to blinky.o(i.Blinky_5) for Blinky_5
    blinky.o(i.Blinky_5) refers to bsp.o(i.BSP_ledAOn) for BSP_ledAOn
    blinky.o(i.Blinky_5) refers to bsp.o(i.BSP_ledBOn) for BSP_ledBOn
    blinky.o(i.Blinky_5) refers to bsp.o(i.BSP_ledCOn) for BSP_ledCOn
    blinky.o(i.Blinky_5) refers to bsp.o(i.BSP_ledDOn) for BSP_ledDOn
    blinky.o(i.Blinky_5) refers to bsp.o(i.BSP_ledEOff) for BSP_ledEOff
    blinky.o(i.Blinky_5) refers to bsp.o(i.BSP_led0Off) for BSP_led0Off
    blinky.o(i.Blinky_5) refers to bsp.o(i.BSP_led1Off) for BSP_led1Off
    blinky.o(i.Blinky_5) refers to bsp.o(i.BSP_led2Off) for BSP_led2Off
    blinky.o(i.Blinky_5) refers to bsp.o(i.BSP_led3Off) for BSP_led3Off
    blinky.o(i.Blinky_5) refers to bsp.o(i.BSP_led4On) for BSP_led4On
    blinky.o(i.Blinky_5) refers to bsp.o(i.BSP_led5On) for BSP_led5On
    blinky.o(i.Blinky_5) refers to bsp.o(i.BSP_led6On) for BSP_led6On
    blinky.o(i.Blinky_5) refers to bsp.o(i.BSP_led7On) for BSP_led7On
    blinky.o(i.Blinky_5) refers to blinky.o(i.Blinky_0) for Blinky_0
    blinky.o(i.Blinky_ctor) refers to blinky.o(.bss) for l_blinky
    blinky.o(i.Blinky_ctor) refers to blinky.o(i.Blinky_initial) for Blinky_initial
    blinky.o(i.Blinky_initial) refers to blinky.o(i.Blinky_0) for Blinky_0
    blinky.o(.constdata) refers to blinky.o(.bss) for l_blinky
    bsp.o(i.BSP_random) refers to bsp.o(.data) for l_rnd
    bsp.o(i.BSP_randomSeed) refers to bsp.o(.data) for l_rnd
    bsp.o(i.QF_onStartup) refers to aeabi_sdiv.o(.text) for __aeabi_uidivmod
    bsp.o(i.QF_onStartup) refers to bsp.o(i.NVIC_SetPriority) for NVIC_SetPriority
    bsp.o(i.S2Pressed) refers to bsp.o(.data) for S2KeyPressed
    bsp.o(i.SysTick_Handler) refers to bsp.o(.data) for buttons
    __main.o(!!!main) refers to __rtentry.o(.ARM.Collect$$rtentry$$00000000) for __rt_entry
    __rtentry.o(.ARM.Collect$$rtentry$$00000000) refers (Special) to __rtentry2.o(.ARM.Collect$$rtentry$$0000000A) for __rt_entry_li
    __rtentry.o(.ARM.Collect$$rtentry$$00000000) refers (Special) to __rtentry2.o(.ARM.Collect$$rtentry$$0000000D) for __rt_entry_main
    __rtentry.o(.ARM.Collect$$rtentry$$00000000) refers (Special) to __rtentry2.o(.ARM.Collect$$rtentry$$0000000C) for __rt_entry_postli_1
    __rtentry.o(.ARM.Collect$$rtentry$$00000000) refers (Special) to __rtentry2.o(.ARM.Collect$$rtentry$$00000009) for __rt_entry_postsh_1
    __rtentry.o(.ARM.Collect$$rtentry$$00000000) refers (Special) to __rtentry2.o(.ARM.Collect$$rtentry$$00000002) for __rt_entry_presh_1
    __rtentry.o(.ARM.Collect$$rtentry$$00000000) refers (Special) to __rtentry4.o(.ARM.Collect$$rtentry$$00000004) for __rt_entry_sh
    aeabi_idiv0_sigfpe.o(.text) refers to rt_div0.o(.text) for __rt_div0
    __rtentry2.o(.ARM.Collect$$rtentry$$00000008) refers to boardinit2.o(.text) for _platform_post_stackheap_init
    __rtentry2.o(.ARM.Collect$$rtentry$$0000000A) refers to libinit.o(.ARM.Collect$$libinit$$00000000) for __rt_lib_init
    __rtentry2.o(.ARM.Collect$$rtentry$$0000000B) refers to boardinit3.o(.text) for _platform_post_lib_init
    __rtentry2.o(.ARM.Collect$$rtentry$$0000000D) refers to main.o(i.main) for main
    __rtentry2.o(.ARM.Collect$$rtentry$$0000000D) refers to exit.o(.text) for exit
    __rtentry2.o(.ARM.exidx) refers to __rtentry2.o(.ARM.Collect$$rtentry$$00000001) for .ARM.Collect$$rtentry$$00000001
    __rtentry2.o(.ARM.exidx) refers to __rtentry2.o(.ARM.Collect$$rtentry$$00000008) for .ARM.Collect$$rtentry$$00000008
    __rtentry2.o(.ARM.exidx) refers to __rtentry2.o(.ARM.Collect$$rtentry$$0000000A) for .ARM.Collect$$rtentry$$0000000A
    __rtentry2.o(.ARM.exidx) refers to __rtentry2.o(.ARM.Collect$$rtentry$$0000000B) for .ARM.Collect$$rtentry$$0000000B
    __rtentry2.o(.ARM.exidx) refers to __rtentry2.o(.ARM.Collect$$rtentry$$0000000D) for .ARM.Collect$$rtentry$$0000000D
    __rtentry4.o(.ARM.Collect$$rtentry$$00000004) refers to sys_stackheap_outer.o(.text) for __user_setup_stackheap
    __rtentry4.o(.ARM.exidx) refers to __rtentry4.o(.ARM.Collect$$rtentry$$00000004) for .ARM.Collect$$rtentry$$00000004
    rt_div0.o(.text) refers to defsig_fpe_outer.o(.text) for __rt_SIGFPE
    sys_stackheap_outer.o(.text) refers to libspace.o(.text) for __user_perproc_libspace
    sys_stackheap_outer.o(.text) refers to sys_stackheap.o(.text) for __user_initial_stackheap
    sys_stackheap_outer.o(__vectab_stack_and_reset_area) refers to tempstk.o(.text) for __temporary_stack_top
    sys_stackheap_outer.o(__vectab_stack_and_reset_area) refers to __main.o(!!!main) for __main
    exit.o(.text) refers to rtexit.o(.ARM.Collect$$rtexit$$00000000) for __rt_exit
    defsig_fpe_outer.o(.text) refers to defsig_fpe_inner.o(.text) for __rt_SIGFPE_inner
    defsig_fpe_outer.o(.text) refers to defsig_exit.o(.text) for __sig_exit
    defsig_fpe_formal.o(.text) refers to rt_raise.o(.text) for __rt_raise
    libinit.o(.ARM.Collect$$libinit$$00000000) refers (Special) to libinit2.o(.ARM.Collect$$libinit$$0000002E) for __rt_lib_init_alloca_1
    libinit.o(.ARM.Collect$$libinit$$00000000) refers (Special) to libinit2.o(.ARM.Collect$$libinit$$0000002C) for __rt_lib_init_argv_1
    libinit.o(.ARM.Collect$$libinit$$00000000) refers (Special) to libinit2.o(.ARM.Collect$$libinit$$0000001B) for __rt_lib_init_atexit_1
    libinit.o(.ARM.Collect$$libinit$$00000000) refers (Special) to libinit2.o(.ARM.Collect$$libinit$$00000021) for __rt_lib_init_clock_1
    libinit.o(.ARM.Collect$$libinit$$00000000) refers (Special) to libinit2.o(.ARM.Collect$$libinit$$00000032) for __rt_lib_init_cpp_1
    libinit.o(.ARM.Collect$$libinit$$00000000) refers (Special) to libinit2.o(.ARM.Collect$$libinit$$00000030) for __rt_lib_init_exceptions_1
    libinit.o(.ARM.Collect$$libinit$$00000000) refers (Special) to libinit2.o(.ARM.Collect$$libinit$$00000002) for __rt_lib_init_fp_1
    libinit.o(.ARM.Collect$$libinit$$00000000) refers (Special) to libinit2.o(.ARM.Collect$$libinit$$0000001F) for __rt_lib_init_fp_trap_1
    libinit.o(.ARM.Collect$$libinit$$00000000) refers (Special) to libinit2.o(.ARM.Collect$$libinit$$00000023) for __rt_lib_init_getenv_1
    libinit.o(.ARM.Collect$$libinit$$00000000) refers (Special) to libinit2.o(.ARM.Collect$$libinit$$0000000A) for __rt_lib_init_heap_1
    libinit.o(.ARM.Collect$$libinit$$00000000) refers (Special) to libinit2.o(.ARM.Collect$$libinit$$00000011) for __rt_lib_init_lc_collate_1
    libinit.o(.ARM.Collect$$libinit$$00000000) refers (Special) to libinit2.o(.ARM.Collect$$libinit$$00000013) for __rt_lib_init_lc_ctype_1
    libinit.o(.ARM.Collect$$libinit$$00000000) refers (Special) to libinit2.o(.ARM.Collect$$libinit$$00000015) for __rt_lib_init_lc_monetary_1
    libinit.o(.ARM.Collect$$libinit$$00000000) refers (Special) to libinit2.o(.ARM.Collect$$libinit$$00000017) for __rt_lib_init_lc_numeric_1
    libinit.o(.ARM.Collect$$libinit$$00000000) refers (Special) to libinit2.o(.ARM.Collect$$libinit$$00000019) for __rt_lib_init_lc_time_1
    libinit.o(.ARM.Collect$$libinit$$00000000) refers (Special) to libinit2.o(.ARM.Collect$$libinit$$00000004) for __rt_lib_init_preinit_1
    libinit.o(.ARM.Collect$$libinit$$00000000) refers (Special) to libinit2.o(.ARM.Collect$$libinit$$0000000E) for __rt_lib_init_rand_1
    libinit.o(.ARM.Collect$$libinit$$00000000) refers (Special) to libinit2.o(.ARM.Collect$$libinit$$00000033) for __rt_lib_init_return
    libinit.o(.ARM.Collect$$libinit$$00000000) refers (Special) to libinit2.o(.ARM.Collect$$libinit$$0000001D) for __rt_lib_init_signal_1
    libinit.o(.ARM.Collect$$libinit$$00000000) refers (Special) to libinit2.o(.ARM.Collect$$libinit$$00000025) for __rt_lib_init_stdio_1
    libinit.o(.ARM.Collect$$libinit$$00000000) refers (Special) to libinit2.o(.ARM.Collect$$libinit$$0000000C) for __rt_lib_init_user_alloc_1
    libspace.o(.text) refers to libspace.o(.bss) for __libspace_start
    sys_stackheap.o(.text) refers (Special) to indicate_semi.o(.text) for __semihosting_library_function
    sys_stackheap.o(.text) refers to use_no_semi.o(.text) for __I$use$semihosting
    rtexit.o(.ARM.Collect$$rtexit$$00000000) refers (Special) to rtexit2.o(.ARM.Collect$$rtexit$$00000004) for __rt_exit_exit
    rtexit.o(.ARM.Collect$$rtexit$$00000000) refers (Special) to rtexit2.o(.ARM.Collect$$rtexit$$00000003) for __rt_exit_ls
    rtexit.o(.ARM.Collect$$rtexit$$00000000) refers (Special) to rtexit2.o(.ARM.Collect$$rtexit$$00000002) for __rt_exit_prels_1
    rtexit.o(.ARM.exidx) refers (Special) to rtexit2.o(.ARM.Collect$$rtexit$$00000004) for __rt_exit_exit
    rtexit.o(.ARM.exidx) refers (Special) to rtexit2.o(.ARM.Collect$$rtexit$$00000003) for __rt_exit_ls
    rtexit.o(.ARM.exidx) refers (Special) to rtexit2.o(.ARM.Collect$$rtexit$$00000002) for __rt_exit_prels_1
    rtexit.o(.ARM.exidx) refers to rtexit.o(.ARM.Collect$$rtexit$$00000000) for .ARM.Collect$$rtexit$$00000000
    rt_raise.o(.text) refers to __raise.o(.text) for __raise
    rt_raise.o(.text) refers to sys_exit.o(.text) for _sys_exit
    defsig_exit.o(.text) refers to sys_exit.o(.text) for _sys_exit
    defsig_fpe_inner.o(.text) refers to defsig_general.o(.text) for __default_signal_display
    libinit2.o(.ARM.Collect$$libinit$$00000010) refers to libinit2.o(.ARM.Collect$$libinit$$0000000F) for .ARM.Collect$$libinit$$0000000F
    libinit2.o(.ARM.Collect$$libinit$$00000012) refers to libinit2.o(.ARM.Collect$$libinit$$0000000F) for .ARM.Collect$$libinit$$0000000F
    libinit2.o(.ARM.Collect$$libinit$$00000014) refers to libinit2.o(.ARM.Collect$$libinit$$0000000F) for .ARM.Collect$$libinit$$0000000F
    libinit2.o(.ARM.Collect$$libinit$$00000016) refers to libinit2.o(.ARM.Collect$$libinit$$0000000F) for .ARM.Collect$$libinit$$0000000F
    libinit2.o(.ARM.Collect$$libinit$$00000018) refers to libinit2.o(.ARM.Collect$$libinit$$0000000F) for .ARM.Collect$$libinit$$0000000F
    libinit2.o(.ARM.Collect$$libinit$$00000026) refers to argv_veneer.o(.text) for __ARM_argv_veneer
    libinit2.o(.ARM.Collect$$libinit$$00000027) refers to argv_veneer.o(.text) for __ARM_argv_veneer
    sys_exit.o(.text) refers (Special) to use_no_semi.o(.text) for __I$use$semihosting
    sys_exit.o(.text) refers (Special) to indicate_semi.o(.text) for __semihosting_library_function
    rtexit2.o(.ARM.Collect$$rtexit$$00000003) refers to libshutdown.o(.ARM.Collect$$libshutdown$$00000000) for __rt_lib_shutdown
    rtexit2.o(.ARM.Collect$$rtexit$$00000004) refers to sys_exit.o(.text) for _sys_exit
    rtexit2.o(.ARM.exidx) refers to rtexit2.o(.ARM.Collect$$rtexit$$00000001) for .ARM.Collect$$rtexit$$00000001
    rtexit2.o(.ARM.exidx) refers to rtexit2.o(.ARM.Collect$$rtexit$$00000003) for .ARM.Collect$$rtexit$$00000003
    rtexit2.o(.ARM.exidx) refers to rtexit2.o(.ARM.Collect$$rtexit$$00000004) for .ARM.Collect$$rtexit$$00000004
    __raise.o(.text) refers to defsig.o(CL$$defsig) for __default_signal_handler
    defsig_general.o(.text) refers to sys_wrch.o(.text) for _ttywrch
    sys_wrch.o(.text) refers (Special) to use_no_semi.o(.text) for __I$use$semihosting
    sys_wrch.o(.text) refers (Special) to indicate_semi.o(.text) for __semihosting_library_function
    defsig.o(CL$$defsig) refers to defsig_fpe_inner.o(.text) for __rt_SIGFPE_inner
    defsig.o(CL$$defsig) refers to defsig_rtmem_inner.o(.text) for __rt_SIGRTMEM_inner
    _get_argv_nomalloc.o(.text) refers (Special) to hrguard.o(.text) for __heap_region$guard
    _get_argv_nomalloc.o(.text) refers to defsig_rtmem_outer.o(.text) for __rt_SIGRTMEM
    _get_argv_nomalloc.o(.text) refers to sys_command.o(.text) for _sys_command_string
    libshutdown.o(.ARM.Collect$$libshutdown$$00000000) refers (Special) to libshutdown2.o(.ARM.Collect$$libshutdown$$00000006) for __rt_lib_shutdown_fp_trap_1
    libshutdown.o(.ARM.Collect$$libshutdown$$00000000) refers (Special) to libshutdown2.o(.ARM.Collect$$libshutdown$$0000000E) for __rt_lib_shutdown_heap_1
    libshutdown.o(.ARM.Collect$$libshutdown$$00000000) refers (Special) to libshutdown2.o(.ARM.Collect$$libshutdown$$0000000F) for __rt_lib_shutdown_return
    libshutdown.o(.ARM.Collect$$libshutdown$$00000000) refers (Special) to libshutdown2.o(.ARM.Collect$$libshutdown$$00000009) for __rt_lib_shutdown_signal_1
    libshutdown.o(.ARM.Collect$$libshutdown$$00000000) refers (Special) to libshutdown2.o(.ARM.Collect$$libshutdown$$00000003) for __rt_lib_shutdown_stdio_1
    libshutdown.o(.ARM.Collect$$libshutdown$$00000000) refers (Special) to libshutdown2.o(.ARM.Collect$$libshutdown$$0000000B) for __rt_lib_shutdown_user_alloc_1
    sys_command.o(.text) refers (Special) to use_no_semi.o(.text) for __I$use$semihosting
    sys_command.o(.text) refers (Special) to indicate_semi.o(.text) for __semihosting_library_function
    defsig_abrt_inner.o(.text) refers to defsig_general.o(.text) for __default_signal_display
    defsig_rtred_inner.o(.text) refers to defsig_general.o(.text) for __default_signal_display
    defsig_rtmem_inner.o(.text) refers to defsig_general.o(.text) for __default_signal_display
    defsig_rtmem_outer.o(.text) refers to defsig_rtmem_inner.o(.text) for __rt_SIGRTMEM_inner
    defsig_rtmem_outer.o(.text) refers to defsig_exit.o(.text) for __sig_exit
    defsig_rtmem_formal.o(.text) refers to rt_raise.o(.text) for __rt_raise
    defsig_stak_inner.o(.text) refers to defsig_general.o(.text) for __default_signal_display
    defsig_pvfn_inner.o(.text) refers to defsig_general.o(.text) for __default_signal_display
    defsig_cppl_inner.o(.text) refers to defsig_general.o(.text) for __default_signal_display
    defsig_segv_inner.o(.text) refers to defsig_general.o(.text) for __default_signal_display
    defsig_other.o(.text) refers to defsig_general.o(.text) for __default_signal_display

