Component: ARM Compiler 5.05 update 1 (build 106) Tool: armlink [4d0efa]

==============================================================================

Section Cross References

    main.o(i.main) refers to qv.o(i.QF_init) for QF_init
    main.o(i.main) refers to bsp.o(i.BSP_init) for BSP_init
    main.o(i.main) refers to blinky.o(i.Blinky_ctor) for Blinky_ctor
    main.o(i.main) refers to qv.o(i.QF_run) for QF_run
    main.o(i.main) refers to blinky.o(.constdata) for AO_Blinky
    main.o(i.main) refers to main.o(.bss) for l_blinkyQSto
    blinky.o(i.Blinky_0) refers to bsp.o(i.BSP_ledAOn) for BSP_ledAOn
    blinky.o(i.Blinky_0) refers to bsp.o(i.BSP_ledBOff) for BSP_ledBOff
    blinky.o(i.Blinky_0) refers to bsp.o(i.BSP_ledCOff) for BSP_ledCOff
    blinky.o(i.Blinky_0) refers to bsp.o(i.BSP_ledDOff) for BSP_ledDOff
    blinky.o(i.Blinky_0) refers to bsp.o(i.BSP_ledEOff) for BSP_ledEOff
    blinky.o(i.Blinky_0) refers to bsp.o(i.BSP_led0On) for BSP_led0On
    blinky.o(i.Blinky_0) refers to bsp.o(i.BSP_led1Off) for BSP_led1Off
    blinky.o(i.Blinky_0) refers to bsp.o(i.BSP_led2Off) for BSP_led2Off
    blinky.o(i.Blinky_0) refers to bsp.o(i.BSP_led3Off) for BSP_led3Off
    blinky.o(i.Blinky_0) refers to bsp.o(i.BSP_led4Off) for BSP_led4Off
    blinky.o(i.Blinky_0) refers to bsp.o(i.BSP_led5Off) for BSP_led5Off
    blinky.o(i.Blinky_0) refers to bsp.o(i.BSP_led6Off) for BSP_led6Off
    blinky.o(i.Blinky_0) refers to bsp.o(i.BSP_led7Off) for BSP_led7Off
    blinky.o(i.Blinky_0) refers to blinky.o(i.Blinky_1) for Blinky_1
    blinky.o(i.Blinky_0) refers to qep_hsm.o(i.QHsm_top) for QHsm_top
    blinky.o(i.Blinky_1) refers to bsp.o(i.BSP_ledAOff) for BSP_ledAOff
    blinky.o(i.Blinky_1) refers to bsp.o(i.BSP_ledBOff) for BSP_ledBOff
    blinky.o(i.Blinky_1) refers to bsp.o(i.BSP_ledCOff) for BSP_ledCOff
    blinky.o(i.Blinky_1) refers to bsp.o(i.BSP_ledDOn) for BSP_ledDOn
    blinky.o(i.Blinky_1) refers to bsp.o(i.BSP_ledEOn) for BSP_ledEOn
    blinky.o(i.Blinky_1) refers to bsp.o(i.BSP_led0On) for BSP_led0On
    blinky.o(i.Blinky_1) refers to bsp.o(i.BSP_led1On) for BSP_led1On
    blinky.o(i.Blinky_1) refers to bsp.o(i.BSP_led2Off) for BSP_led2Off
    blinky.o(i.Blinky_1) refers to bsp.o(i.BSP_led3Off) for BSP_led3Off
    blinky.o(i.Blinky_1) refers to bsp.o(i.BSP_led4Off) for BSP_led4Off
    blinky.o(i.Blinky_1) refers to bsp.o(i.BSP_led5Off) for BSP_led5Off
    blinky.o(i.Blinky_1) refers to bsp.o(i.BSP_led6Off) for BSP_led6Off
    blinky.o(i.Blinky_1) refers to bsp.o(i.BSP_led7Off) for BSP_led7Off
    blinky.o(i.Blinky_1) refers to blinky.o(i.Blinky_4) for Blinky_4
    blinky.o(i.Blinky_1) refers to qep_hsm.o(i.QHsm_top) for QHsm_top
    blinky.o(i.Blinky_4) refers to bsp.o(i.BSP_ledAOff) for BSP_ledAOff
    blinky.o(i.Blinky_4) refers to bsp.o(i.BSP_ledBOff) for BSP_ledBOff
    blinky.o(i.Blinky_4) refers to bsp.o(i.BSP_ledCOn) for BSP_ledCOn
    blinky.o(i.Blinky_4) refers to bsp.o(i.BSP_ledDOn) for BSP_ledDOn
    blinky.o(i.Blinky_4) refers to bsp.o(i.BSP_ledEOn) for BSP_ledEOn
    blinky.o(i.Blinky_4) refers to bsp.o(i.BSP_led0Off) for BSP_led0Off
    blinky.o(i.Blinky_4) refers to bsp.o(i.BSP_led1Off) for BSP_led1Off
    blinky.o(i.Blinky_4) refers to bsp.o(i.BSP_led2Off) for BSP_led2Off
    blinky.o(i.Blinky_4) refers to bsp.o(i.BSP_led3Off) for BSP_led3Off
    blinky.o(i.Blinky_4) refers to bsp.o(i.BSP_led4Off) for BSP_led4Off
    blinky.o(i.Blinky_4) refers to bsp.o(i.BSP_led5On) for BSP_led5On
    blinky.o(i.Blinky_4) refers to bsp.o(i.BSP_led6On) for BSP_led6On
    blinky.o(i.Blinky_4) refers to bsp.o(i.BSP_led7On) for BSP_led7On
    blinky.o(i.Blinky_4) refers to blinky.o(i.Blinky_5) for Blinky_5
    blinky.o(i.Blinky_4) refers to qep_hsm.o(i.QHsm_top) for QHsm_top
    blinky.o(i.Blinky_5) refers to bsp.o(i.BSP_ledAOn) for BSP_ledAOn
    blinky.o(i.Blinky_5) refers to bsp.o(i.BSP_ledBOn) for BSP_ledBOn
    blinky.o(i.Blinky_5) refers to bsp.o(i.BSP_ledCOn) for BSP_ledCOn
    blinky.o(i.Blinky_5) refers to bsp.o(i.BSP_ledDOn) for BSP_ledDOn
    blinky.o(i.Blinky_5) refers to bsp.o(i.BSP_ledEOff) for BSP_ledEOff
    blinky.o(i.Blinky_5) refers to bsp.o(i.BSP_led0Off) for BSP_led0Off
    blinky.o(i.Blinky_5) refers to bsp.o(i.BSP_led1Off) for BSP_led1Off
    blinky.o(i.Blinky_5) refers to bsp.o(i.BSP_led2Off) for BSP_led2Off
    blinky.o(i.Blinky_5) refers to bsp.o(i.BSP_led3Off) for BSP_led3Off
    blinky.o(i.Blinky_5) refers to bsp.o(i.BSP_led4On) for BSP_led4On
    blinky.o(i.Blinky_5) refers to bsp.o(i.BSP_led5On) for BSP_led5On
    blinky.o(i.Blinky_5) refers to bsp.o(i.BSP_led6On) for BSP_led6On
    blinky.o(i.Blinky_5) refers to bsp.o(i.BSP_led7On) for BSP_led7On
    blinky.o(i.Blinky_5) refers to blinky.o(i.Blinky_0) for Blinky_0
    blinky.o(i.Blinky_5) refers to qep_hsm.o(i.QHsm_top) for QHsm_top
    blinky.o(i.Blinky_ctor) refers to qf_qact.o(i.QActive_ctor) for QActive_ctor
    blinky.o(i.Blinky_ctor) refers to qf_time.o(i.QTimeEvt_ctorX) for QTimeEvt_ctorX
    blinky.o(i.Blinky_ctor) refers to blinky.o(.bss) for l_blinky
    blinky.o(i.Blinky_ctor) refers to blinky.o(i.Blinky_initial) for Blinky_initial
    blinky.o(i.Blinky_initial) refers to qf_time.o(i.QTimeEvt_armX) for QTimeEvt_armX
    blinky.o(i.Blinky_initial) refers to blinky.o(i.Blinky_0) for Blinky_0
    blinky.o(.constdata) refers to blinky.o(.bss) for l_blinky
    bsp.o(i.BSP_init) refers to system_stm32l0xx.o(i.SystemCoreClockUpdate) for SystemCoreClockUpdate
    bsp.o(i.BSP_random) refers to bsp.o(.data) for l_rnd
    bsp.o(i.BSP_randomSeed) refers to bsp.o(.data) for l_rnd
    bsp.o(i.QF_onStartup) refers to aeabi_sdiv.o(.text) for __aeabi_uidivmod
    bsp.o(i.QF_onStartup) refers to bsp.o(i.NVIC_SetPriority) for NVIC_SetPriority
    bsp.o(i.QF_onStartup) refers to system_stm32l0xx.o(.data) for SystemCoreClock
    bsp.o(i.S2Pressed) refers to bsp.o(.data) for S2KeyPressed
    bsp.o(i.SysTick_Handler) refers to qf_time.o(i.QF_tickX_) for QF_tickX_
    bsp.o(i.SysTick_Handler) refers to bsp.o(.data) for buttons
    system_stm32l0xx.o(i.SystemCoreClockUpdate) refers to aeabi_sdiv.o(.text) for __aeabi_uidivmod
    system_stm32l0xx.o(i.SystemCoreClockUpdate) refers to system_stm32l0xx.o(.data) for SystemCoreClock
    startup_stm32l053xx.o(STACK) refers (Special) to heapauxi.o(.text) for __use_two_region_memory
    startup_stm32l053xx.o(HEAP) refers (Special) to heapauxi.o(.text) for __use_two_region_memory
    startup_stm32l053xx.o(RESET) refers (Special) to heapauxi.o(.text) for __use_two_region_memory
    startup_stm32l053xx.o(RESET) refers to startup_stm32l053xx.o(STACK) for __initial_sp
    startup_stm32l053xx.o(RESET) refers to startup_stm32l053xx.o(.text) for Reset_Handler
    startup_stm32l053xx.o(RESET) refers to bsp.o(i.SysTick_Handler) for SysTick_Handler
    startup_stm32l053xx.o(.text) refers (Special) to heapauxi.o(.text) for __use_two_region_memory
    startup_stm32l053xx.o(.text) refers to system_stm32l0xx.o(i.SystemInit) for SystemInit
    startup_stm32l053xx.o(.text) refers to __main.o(!!!main) for __main
    startup_stm32l053xx.o(.text) refers to startup_stm32l053xx.o(HEAP) for Heap_Mem
    startup_stm32l053xx.o(.text) refers to startup_stm32l053xx.o(STACK) for Stack_Mem
    qep_hsm.o(i.QHsm_ctor) refers to qep_hsm.o(.constdata) for vtbl
    qep_hsm.o(i.QHsm_ctor) refers to qep_hsm.o(i.QHsm_top) for QHsm_top
    qep_hsm.o(i.QHsm_dispatch_) refers to startup_stm32l053xx.o(.text) for Q_onAssert
    qep_hsm.o(i.QHsm_dispatch_) refers to qep_hsm.o(i.QHsm_tran_) for QHsm_tran_
    qep_hsm.o(i.QHsm_dispatch_) refers to qep_hsm.o(.constdata) for Q_this_module_
    qep_hsm.o(i.QHsm_init_) refers to startup_stm32l053xx.o(.text) for Q_onAssert
    qep_hsm.o(i.QHsm_init_) refers to qep_hsm.o(i.QHsm_top) for QHsm_top
    qep_hsm.o(i.QHsm_init_) refers to qep_hsm.o(.constdata) for Q_this_module_
    qep_hsm.o(i.QHsm_isIn) refers to startup_stm32l053xx.o(.text) for Q_onAssert
    qep_hsm.o(i.QHsm_isIn) refers to qep_hsm.o(.constdata) for Q_this_module_
    qep_hsm.o(i.QHsm_tran_) refers to startup_stm32l053xx.o(.text) for Q_onAssert
    qep_hsm.o(i.QHsm_tran_) refers to qep_hsm.o(.constdata) for QEP_reservedEvt_
    qep_hsm.o(.constdata) refers to qep_hsm.o(i.QHsm_init_) for QHsm_init_
    qep_hsm.o(.constdata) refers to qep_hsm.o(i.QHsm_dispatch_) for QHsm_dispatch_
    qep_msm.o(i.QMsm_ctor) refers to qep_msm.o(.constdata) for vtbl
    qep_msm.o(i.QMsm_dispatch_) refers to startup_stm32l053xx.o(.text) for Q_onAssert
    qep_msm.o(i.QMsm_dispatch_) refers to qep_msm.o(i.QMsm_exitToTranSource_) for QMsm_exitToTranSource_
    qep_msm.o(i.QMsm_dispatch_) refers to qep_msm.o(i.QMsm_execTatbl_) for QMsm_execTatbl_
    qep_msm.o(i.QMsm_dispatch_) refers to qep_msm.o(i.QMsm_enterHistory_) for QMsm_enterHistory_
    qep_msm.o(i.QMsm_dispatch_) refers to qep_msm.o(.constdata) for Q_this_module_
    qep_msm.o(i.QMsm_enterHistory_) refers to startup_stm32l053xx.o(.text) for Q_onAssert
    qep_msm.o(i.QMsm_enterHistory_) refers to qep_msm.o(.constdata) for Q_this_module_
    qep_msm.o(i.QMsm_execTatbl_) refers to startup_stm32l053xx.o(.text) for Q_onAssert
    qep_msm.o(i.QMsm_execTatbl_) refers to qep_msm.o(.constdata) for Q_this_module_
    qep_msm.o(i.QMsm_exitToTranSource_) refers to startup_stm32l053xx.o(.text) for Q_onAssert
    qep_msm.o(i.QMsm_exitToTranSource_) refers to qep_msm.o(.constdata) for Q_this_module_
    qep_msm.o(i.QMsm_init_) refers to startup_stm32l053xx.o(.text) for Q_onAssert
    qep_msm.o(i.QMsm_init_) refers to qep_msm.o(i.QMsm_execTatbl_) for QMsm_execTatbl_
    qep_msm.o(i.QMsm_init_) refers to qep_msm.o(.constdata) for l_msm_top_s
    qep_msm.o(.constdata) refers to qep_msm.o(i.QMsm_init_) for QMsm_init_
    qep_msm.o(.constdata) refers to qep_msm.o(i.QMsm_dispatch_) for QMsm_dispatch_
    qf_act.o(i.QF_add_) refers to startup_stm32l053xx.o(.text) for Q_onAssert
    qf_act.o(i.QF_add_) refers to qf_act.o(.bss) for QF_active_
    qf_act.o(i.QF_add_) refers to qf_act.o(.constdata) for Q_this_module_
    qf_act.o(i.QF_remove_) refers to startup_stm32l053xx.o(.text) for Q_onAssert
    qf_act.o(i.QF_remove_) refers to qf_act.o(.bss) for QF_active_
    qf_act.o(i.QF_remove_) refers to qf_act.o(.constdata) for Q_this_module_
    qf_actq.o(i.QActive_get_) refers to startup_stm32l053xx.o(.text) for Q_onAssert
    qf_actq.o(i.QActive_get_) refers to qf_actq.o(.constdata) for Q_this_module_
    qf_actq.o(i.QActive_get_) refers to qf_act.o(.constdata) for QF_div8Lkup
    qf_actq.o(i.QActive_get_) refers to qv.o(.bss) for QV_readySet_
    qf_actq.o(i.QActive_postLIFO_) refers to startup_stm32l053xx.o(.text) for Q_onAssert
    qf_actq.o(i.QActive_postLIFO_) refers to qf_actq.o(.constdata) for Q_this_module_
    qf_actq.o(i.QActive_postLIFO_) refers to qf_act.o(.constdata) for QF_div8Lkup
    qf_actq.o(i.QActive_postLIFO_) refers to qv.o(.bss) for QV_readySet_
    qf_actq.o(i.QActive_post_) refers to startup_stm32l053xx.o(.text) for Q_onAssert
    qf_actq.o(i.QActive_post_) refers to qf_dyn.o(i.QF_gc) for QF_gc
    qf_actq.o(i.QActive_post_) refers to qf_actq.o(.constdata) for Q_this_module_
    qf_actq.o(i.QActive_post_) refers to qf_act.o(.constdata) for QF_div8Lkup
    qf_actq.o(i.QActive_post_) refers to qv.o(.bss) for QV_readySet_
    qf_actq.o(i.QF_getQueueMin) refers to startup_stm32l053xx.o(.text) for Q_onAssert
    qf_actq.o(i.QF_getQueueMin) refers to qf_act.o(.bss) for QF_active_
    qf_actq.o(i.QF_getQueueMin) refers to qf_actq.o(.constdata) for Q_this_module_
    qf_defer.o(i.QActive_defer) refers to qf_qeq.o(i.QEQueue_post) for QEQueue_post
    qf_defer.o(i.QActive_recall) refers to qf_qeq.o(i.QEQueue_get) for QEQueue_get
    qf_defer.o(i.QActive_recall) refers to startup_stm32l053xx.o(.text) for Q_onAssert
    qf_defer.o(i.QActive_recall) refers to qf_defer.o(.constdata) for Q_this_module_
    qf_dyn.o(i.QF_gc) refers to startup_stm32l053xx.o(.text) for Q_onAssert
    qf_dyn.o(i.QF_gc) refers to qf_mem.o(i.QMPool_put) for QMPool_put
    qf_dyn.o(i.QF_gc) refers to qf_dyn.o(.data) for QF_maxPool_
    qf_dyn.o(i.QF_gc) refers to qf_dyn.o(.constdata) for Q_this_module_
    qf_dyn.o(i.QF_gc) refers to qf_dyn.o(.bss) for QF_pool_
    qf_dyn.o(i.QF_newX_) refers to startup_stm32l053xx.o(.text) for Q_onAssert
    qf_dyn.o(i.QF_newX_) refers to qf_mem.o(i.QMPool_get) for QMPool_get
    qf_dyn.o(i.QF_newX_) refers to qf_dyn.o(.bss) for QF_pool_
    qf_dyn.o(i.QF_newX_) refers to qf_dyn.o(.data) for QF_maxPool_
    qf_dyn.o(i.QF_newX_) refers to qf_dyn.o(.constdata) for Q_this_module_
    qf_dyn.o(i.QF_poolInit) refers to startup_stm32l053xx.o(.text) for Q_onAssert
    qf_dyn.o(i.QF_poolInit) refers to qf_mem.o(i.QMPool_init) for QMPool_init
    qf_dyn.o(i.QF_poolInit) refers to qf_dyn.o(.data) for QF_maxPool_
    qf_dyn.o(i.QF_poolInit) refers to qf_dyn.o(.constdata) for Q_this_module_
    qf_dyn.o(i.QF_poolInit) refers to qf_dyn.o(.bss) for QF_pool_
    qf_mem.o(i.QF_getPoolMin) refers to startup_stm32l053xx.o(.text) for Q_onAssert
    qf_mem.o(i.QF_getPoolMin) refers to qf_dyn.o(.data) for QF_maxPool_
    qf_mem.o(i.QF_getPoolMin) refers to qf_mem.o(.constdata) for Q_this_module_
    qf_mem.o(i.QF_getPoolMin) refers to qf_dyn.o(.bss) for QF_pool_
    qf_mem.o(i.QMPool_get) refers to startup_stm32l053xx.o(.text) for Q_onAssert
    qf_mem.o(i.QMPool_get) refers to qf_mem.o(.constdata) for Q_this_module_
    qf_mem.o(i.QMPool_init) refers to startup_stm32l053xx.o(.text) for Q_onAssert
    qf_mem.o(i.QMPool_init) refers to qf_mem.o(.constdata) for Q_this_module_
    qf_mem.o(i.QMPool_put) refers to startup_stm32l053xx.o(.text) for Q_onAssert
    qf_mem.o(i.QMPool_put) refers to qf_mem.o(.constdata) for Q_this_module_
    qf_ps.o(i.QActive_subscribe) refers to startup_stm32l053xx.o(.text) for Q_onAssert
    qf_ps.o(i.QActive_subscribe) refers to qf_act.o(.constdata) for QF_div8Lkup
    qf_ps.o(i.QActive_subscribe) refers to qf_ps.o(.data) for QF_maxSignal_
    qf_ps.o(i.QActive_subscribe) refers to qf_act.o(.bss) for QF_active_
    qf_ps.o(i.QActive_subscribe) refers to qf_ps.o(.constdata) for Q_this_module_
    qf_ps.o(i.QActive_unsubscribe) refers to startup_stm32l053xx.o(.text) for Q_onAssert
    qf_ps.o(i.QActive_unsubscribe) refers to qf_act.o(.constdata) for QF_div8Lkup
    qf_ps.o(i.QActive_unsubscribe) refers to qf_ps.o(.data) for QF_maxSignal_
    qf_ps.o(i.QActive_unsubscribe) refers to qf_act.o(.bss) for QF_active_
    qf_ps.o(i.QActive_unsubscribe) refers to qf_ps.o(.constdata) for Q_this_module_
    qf_ps.o(i.QActive_unsubscribeAll) refers to startup_stm32l053xx.o(.text) for Q_onAssert
    qf_ps.o(i.QActive_unsubscribeAll) refers to qf_act.o(.bss) for QF_active_
    qf_ps.o(i.QActive_unsubscribeAll) refers to qf_ps.o(.constdata) for Q_this_module_
    qf_ps.o(i.QActive_unsubscribeAll) refers to qf_act.o(.constdata) for QF_div8Lkup
    qf_ps.o(i.QActive_unsubscribeAll) refers to qf_ps.o(.data) for QF_subscrList_
    qf_ps.o(i.QF_psInit) refers to qf_act.o(i.QF_bzero) for QF_bzero
    qf_ps.o(i.QF_psInit) refers to qf_ps.o(.data) for QF_subscrList_
    qf_ps.o(i.QF_publish_) refers to startup_stm32l053xx.o(.text) for Q_onAssert
    qf_ps.o(i.QF_publish_) refers to qf_dyn.o(i.QF_gc) for QF_gc
    qf_ps.o(i.QF_publish_) refers to qf_ps.o(.data) for QF_maxSignal_
    qf_ps.o(i.QF_publish_) refers to qf_ps.o(.constdata) for Q_this_module_
    qf_ps.o(i.QF_publish_) refers to qf_act.o(.constdata) for QF_log2Lkup
    qf_ps.o(i.QF_publish_) refers to qf_act.o(.bss) for QF_active_
    qf_qact.o(i.QActive_ctor) refers to qf_act.o(i.QF_bzero) for QF_bzero
    qf_qact.o(i.QActive_ctor) refers to qep_hsm.o(i.QHsm_ctor) for QHsm_ctor
    qf_qact.o(i.QActive_ctor) refers to qf_qact.o(.constdata) for vtbl
    qf_qact.o(.constdata) refers to qep_hsm.o(i.QHsm_init_) for QHsm_init_
    qf_qact.o(.constdata) refers to qep_hsm.o(i.QHsm_dispatch_) for QHsm_dispatch_
    qf_qact.o(.constdata) refers to qv.o(i.QActive_start_) for QActive_start_
    qf_qact.o(.constdata) refers to qf_actq.o(i.QActive_post_) for QActive_post_
    qf_qact.o(.constdata) refers to qf_actq.o(i.QActive_postLIFO_) for QActive_postLIFO_
    qf_qeq.o(i.QEQueue_get) refers to startup_stm32l053xx.o(.text) for Q_onAssert
    qf_qeq.o(i.QEQueue_get) refers to qf_qeq.o(.constdata) for Q_this_module_
    qf_qeq.o(i.QEQueue_post) refers to startup_stm32l053xx.o(.text) for Q_onAssert
    qf_qeq.o(i.QEQueue_post) refers to qf_qeq.o(.constdata) for Q_this_module_
    qf_qeq.o(i.QEQueue_postLIFO) refers to startup_stm32l053xx.o(.text) for Q_onAssert
    qf_qeq.o(i.QEQueue_postLIFO) refers to qf_qeq.o(.constdata) for Q_this_module_
    qf_qmact.o(i.QMActive_ctor) refers to qf_act.o(i.QF_bzero) for QF_bzero
    qf_qmact.o(i.QMActive_ctor) refers to qep_msm.o(i.QMsm_ctor) for QMsm_ctor
    qf_qmact.o(i.QMActive_ctor) refers to qf_qmact.o(.constdata) for vtbl
    qf_qmact.o(.constdata) refers to qep_msm.o(i.QMsm_init_) for QMsm_init_
    qf_qmact.o(.constdata) refers to qep_msm.o(i.QMsm_dispatch_) for QMsm_dispatch_
    qf_qmact.o(.constdata) refers to qv.o(i.QActive_start_) for QActive_start_
    qf_qmact.o(.constdata) refers to qf_actq.o(i.QActive_post_) for QActive_post_
    qf_qmact.o(.constdata) refers to qf_actq.o(i.QActive_postLIFO_) for QActive_postLIFO_
    qf_time.o(i.QF_noTimeEvtsActiveX) refers to startup_stm32l053xx.o(.text) for Q_onAssert
    qf_time.o(i.QF_noTimeEvtsActiveX) refers to qf_time.o(.constdata) for Q_this_module_
    qf_time.o(i.QF_noTimeEvtsActiveX) refers to qf_time.o(.bss) for QF_timeEvtHead_
    qf_time.o(i.QF_tickX_) refers to startup_stm32l053xx.o(.text) for Q_onAssert
    qf_time.o(i.QF_tickX_) refers to qf_time.o(.bss) for QF_timeEvtHead_
    qf_time.o(i.QF_tickX_) refers to qf_time.o(.constdata) for Q_this_module_
    qf_time.o(i.QTimeEvt_armX) refers to startup_stm32l053xx.o(.text) for Q_onAssert
    qf_time.o(i.QTimeEvt_armX) refers to qf_time.o(.constdata) for Q_this_module_
    qf_time.o(i.QTimeEvt_armX) refers to qf_time.o(.bss) for QF_timeEvtHead_
    qf_time.o(i.QTimeEvt_ctorX) refers to startup_stm32l053xx.o(.text) for Q_onAssert
    qf_time.o(i.QTimeEvt_ctorX) refers to qf_time.o(.constdata) for Q_this_module_
    qf_time.o(i.QTimeEvt_rearm) refers to startup_stm32l053xx.o(.text) for Q_onAssert
    qf_time.o(i.QTimeEvt_rearm) refers to qf_time.o(.constdata) for Q_this_module_
    qf_time.o(i.QTimeEvt_rearm) refers to qf_time.o(.bss) for QF_timeEvtHead_
    qv.o(i.QActive_start_) refers to startup_stm32l053xx.o(.text) for Q_onAssert
    qv.o(i.QActive_start_) refers to qf_qeq.o(i.QEQueue_init) for QEQueue_init
    qv.o(i.QActive_start_) refers to qf_act.o(i.QF_add_) for QF_add_
    qv.o(i.QActive_start_) refers to qv.o(.constdata) for Q_this_module_
    qv.o(i.QActive_stop) refers to qf_act.o(i.QF_remove_) for QF_remove_
    qv.o(i.QF_init) refers to qf_act.o(i.QF_bzero) for QF_bzero
    qv.o(i.QF_init) refers to qf_dyn.o(.data) for QF_maxPool_
    qv.o(i.QF_init) refers to qv.o(.bss) for QV_readySet_
    qv.o(i.QF_init) refers to qf_time.o(.bss) for QF_timeEvtHead_
    qv.o(i.QF_init) refers to qf_act.o(.bss) for QF_active_
    qv.o(i.QF_run) refers to bsp.o(i.QF_onStartup) for QF_onStartup
    qv.o(i.QF_run) refers to qf_actq.o(i.QActive_get_) for QActive_get_
    qv.o(i.QF_run) refers to qf_dyn.o(i.QF_gc) for QF_gc
    qv.o(i.QF_run) refers to bsp.o(i.QV_onIdle) for QV_onIdle
    qv.o(i.QF_run) refers to qv.o(.bss) for QV_readySet_
    qv.o(i.QF_run) refers to qf_act.o(.constdata) for QF_log2Lkup
    qv.o(i.QF_run) refers to qf_act.o(.bss) for QF_active_
    qv.o(i.QF_stop) refers to bsp.o(i.QF_onCleanup) for QF_onCleanup
    __main.o(!!!main) refers to __rtentry.o(.ARM.Collect$$rtentry$$00000000) for __rt_entry
    __rtentry.o(.ARM.Collect$$rtentry$$00000000) refers (Special) to __rtentry2.o(.ARM.Collect$$rtentry$$0000000A) for __rt_entry_li
    __rtentry.o(.ARM.Collect$$rtentry$$00000000) refers (Special) to __rtentry2.o(.ARM.Collect$$rtentry$$0000000D) for __rt_entry_main
    __rtentry.o(.ARM.Collect$$rtentry$$00000000) refers (Special) to __rtentry2.o(.ARM.Collect$$rtentry$$0000000C) for __rt_entry_postli_1
    __rtentry.o(.ARM.Collect$$rtentry$$00000000) refers (Special) to __rtentry2.o(.ARM.Collect$$rtentry$$00000009) for __rt_entry_postsh_1
    __rtentry.o(.ARM.Collect$$rtentry$$00000000) refers (Special) to __rtentry2.o(.ARM.Collect$$rtentry$$00000002) for __rt_entry_presh_1
    __rtentry.o(.ARM.Collect$$rtentry$$00000000) refers (Special) to __rtentry4.o(.ARM.Collect$$rtentry$$00000004) for __rt_entry_sh
    aeabi_idiv0_sigfpe.o(.text) refers to rt_div0.o(.text) for __rt_div0
    __rtentry2.o(.ARM.Collect$$rtentry$$00000008) refers to boardinit2.o(.text) for _platform_post_stackheap_init
    __rtentry2.o(.ARM.Collect$$rtentry$$0000000A) refers to libinit.o(.ARM.Collect$$libinit$$00000000) for __rt_lib_init
    __rtentry2.o(.ARM.Collect$$rtentry$$0000000B) refers to boardinit3.o(.text) for _platform_post_lib_init
    __rtentry2.o(.ARM.Collect$$rtentry$$0000000D) refers to main.o(i.main) for main
    __rtentry2.o(.ARM.Collect$$rtentry$$0000000D) refers to exit.o(.text) for exit
    __rtentry2.o(.ARM.exidx) refers to __rtentry2.o(.ARM.Collect$$rtentry$$00000001) for .ARM.Collect$$rtentry$$00000001
    __rtentry2.o(.ARM.exidx) refers to __rtentry2.o(.ARM.Collect$$rtentry$$00000008) for .ARM.Collect$$rtentry$$00000008
    __rtentry2.o(.ARM.exidx) refers to __rtentry2.o(.ARM.Collect$$rtentry$$0000000A) for .ARM.Collect$$rtentry$$0000000A
    __rtentry2.o(.ARM.exidx) refers to __rtentry2.o(.ARM.Collect$$rtentry$$0000000B) for .ARM.Collect$$rtentry$$0000000B
    __rtentry2.o(.ARM.exidx) refers to __rtentry2.o(.ARM.Collect$$rtentry$$0000000D) for .ARM.Collect$$rtentry$$0000000D
    __rtentry4.o(.ARM.Collect$$rtentry$$00000004) refers to sys_stackheap_outer.o(.text) for __user_setup_stackheap
    __rtentry4.o(.ARM.exidx) refers to __rtentry4.o(.ARM.Collect$$rtentry$$00000004) for .ARM.Collect$$rtentry$$00000004
    rt_div0.o(.text) refers to defsig_fpe_outer.o(.text) for __rt_SIGFPE
    sys_stackheap_outer.o(.text) refers to libspace.o(.text) for __user_perproc_libspace
    sys_stackheap_outer.o(.text) refers to startup_stm32l053xx.o(.text) for __user_initial_stackheap
    sys_stackheap_outer.o(__vectab_stack_and_reset_area) refers to tempstk.o(.text) for __temporary_stack_top
    sys_stackheap_outer.o(__vectab_stack_and_reset_area) refers to __main.o(!!!main) for __main
    exit.o(.text) refers to rtexit.o(.ARM.Collect$$rtexit$$00000000) for __rt_exit
    defsig_fpe_outer.o(.text) refers to defsig_fpe_inner.o(.text) for __rt_SIGFPE_inner
    defsig_fpe_outer.o(.text) refers to defsig_exit.o(.text) for __sig_exit
    defsig_fpe_formal.o(.text) refers to rt_raise.o(.text) for __rt_raise
    libinit.o(.ARM.Collect$$libinit$$00000000) refers (Special) to libinit2.o(.ARM.Collect$$libinit$$0000002E) for __rt_lib_init_alloca_1
    libinit.o(.ARM.Collect$$libinit$$00000000) refers (Special) to libinit2.o(.ARM.Collect$$libinit$$0000002C) for __rt_lib_init_argv_1
    libinit.o(.ARM.Collect$$libinit$$00000000) refers (Special) to libinit2.o(.ARM.Collect$$libinit$$0000001B) for __rt_lib_init_atexit_1
    libinit.o(.ARM.Collect$$libinit$$00000000) refers (Special) to libinit2.o(.ARM.Collect$$libinit$$00000021) for __rt_lib_init_clock_1
    libinit.o(.ARM.Collect$$libinit$$00000000) refers (Special) to libinit2.o(.ARM.Collect$$libinit$$00000032) for __rt_lib_init_cpp_1
    libinit.o(.ARM.Collect$$libinit$$00000000) refers (Special) to libinit2.o(.ARM.Collect$$libinit$$00000030) for __rt_lib_init_exceptions_1
    libinit.o(.ARM.Collect$$libinit$$00000000) refers (Special) to libinit2.o(.ARM.Collect$$libinit$$00000002) for __rt_lib_init_fp_1
    libinit.o(.ARM.Collect$$libinit$$00000000) refers (Special) to libinit2.o(.ARM.Collect$$libinit$$0000001F) for __rt_lib_init_fp_trap_1
    libinit.o(.ARM.Collect$$libinit$$00000000) refers (Special) to libinit2.o(.ARM.Collect$$libinit$$00000023) for __rt_lib_init_getenv_1
    libinit.o(.ARM.Collect$$libinit$$00000000) refers (Special) to libinit2.o(.ARM.Collect$$libinit$$0000000A) for __rt_lib_init_heap_1
    libinit.o(.ARM.Collect$$libinit$$00000000) refers (Special) to libinit2.o(.ARM.Collect$$libinit$$00000011) for __rt_lib_init_lc_collate_1
    libinit.o(.ARM.Collect$$libinit$$00000000) refers (Special) to libinit2.o(.ARM.Collect$$libinit$$00000013) for __rt_lib_init_lc_ctype_1
    libinit.o(.ARM.Collect$$libinit$$00000000) refers (Special) to libinit2.o(.ARM.Collect$$libinit$$00000015) for __rt_lib_init_lc_monetary_1
    libinit.o(.ARM.Collect$$libinit$$00000000) refers (Special) to libinit2.o(.ARM.Collect$$libinit$$00000017) for __rt_lib_init_lc_numeric_1
    libinit.o(.ARM.Collect$$libinit$$00000000) refers (Special) to libinit2.o(.ARM.Collect$$libinit$$00000019) for __rt_lib_init_lc_time_1
    libinit.o(.ARM.Collect$$libinit$$00000000) refers (Special) to libinit2.o(.ARM.Collect$$libinit$$00000004) for __rt_lib_init_preinit_1
    libinit.o(.ARM.Collect$$libinit$$00000000) refers (Special) to libinit2.o(.ARM.Collect$$libinit$$0000000E) for __rt_lib_init_rand_1
    libinit.o(.ARM.Collect$$libinit$$00000000) refers (Special) to libinit2.o(.ARM.Collect$$libinit$$00000033) for __rt_lib_init_return
    libinit.o(.ARM.Collect$$libinit$$00000000) refers (Special) to libinit2.o(.ARM.Collect$$libinit$$0000001D) for __rt_lib_init_signal_1
    libinit.o(.ARM.Collect$$libinit$$00000000) refers (Special) to libinit2.o(.ARM.Collect$$libinit$$00000025) for __rt_lib_init_stdio_1
    libinit.o(.ARM.Collect$$libinit$$00000000) refers (Special) to libinit2.o(.ARM.Collect$$libinit$$0000000C) for __rt_lib_init_user_alloc_1
    libspace.o(.text) refers to libspace.o(.bss) for __libspace_start
    rtexit.o(.ARM.Collect$$rtexit$$00000000) refers (Special) to rtexit2.o(.ARM.Collect$$rtexit$$00000004) for __rt_exit_exit
    rtexit.o(.ARM.Collect$$rtexit$$00000000) refers (Special) to rtexit2.o(.ARM.Collect$$rtexit$$00000003) for __rt_exit_ls
    rtexit.o(.ARM.Collect$$rtexit$$00000000) refers (Special) to rtexit2.o(.ARM.Collect$$rtexit$$00000002) for __rt_exit_prels_1
    rtexit.o(.ARM.exidx) refers (Special) to rtexit2.o(.ARM.Collect$$rtexit$$00000004) for __rt_exit_exit
    rtexit.o(.ARM.exidx) refers (Special) to rtexit2.o(.ARM.Collect$$rtexit$$00000003) for __rt_exit_ls
    rtexit.o(.ARM.exidx) refers (Special) to rtexit2.o(.ARM.Collect$$rtexit$$00000002) for __rt_exit_prels_1
    rtexit.o(.ARM.exidx) refers to rtexit.o(.ARM.Collect$$rtexit$$00000000) for .ARM.Collect$$rtexit$$00000000
    rt_raise.o(.text) refers to __raise.o(.text) for __raise
    rt_raise.o(.text) refers to sys_exit.o(.text) for _sys_exit
    defsig_exit.o(.text) refers to sys_exit.o(.text) for _sys_exit
    defsig_fpe_inner.o(.text) refers to defsig_general.o(.text) for __default_signal_display
    libinit2.o(.ARM.Collect$$libinit$$00000010) refers to libinit2.o(.ARM.Collect$$libinit$$0000000F) for .ARM.Collect$$libinit$$0000000F
    libinit2.o(.ARM.Collect$$libinit$$00000012) refers to libinit2.o(.ARM.Collect$$libinit$$0000000F) for .ARM.Collect$$libinit$$0000000F
    libinit2.o(.ARM.Collect$$libinit$$00000014) refers to libinit2.o(.ARM.Collect$$libinit$$0000000F) for .ARM.Collect$$libinit$$0000000F
    libinit2.o(.ARM.Collect$$libinit$$00000016) refers to libinit2.o(.ARM.Collect$$libinit$$0000000F) for .ARM.Collect$$libinit$$0000000F
    libinit2.o(.ARM.Collect$$libinit$$00000018) refers to libinit2.o(.ARM.Collect$$libinit$$0000000F) for .ARM.Collect$$libinit$$0000000F
    libinit2.o(.ARM.Collect$$libinit$$00000026) refers to argv_veneer.o(.text) for __ARM_argv_veneer
    libinit2.o(.ARM.Collect$$libinit$$00000027) refers to argv_veneer.o(.text) for __ARM_argv_veneer
    sys_exit.o(.text) refers (Special) to use_no_semi.o(.text) for __I$use$semihosting
    sys_exit.o(.text) refers (Special) to indicate_semi.o(.text) for __semihosting_library_function
    rtexit2.o(.ARM.Collect$$rtexit$$00000003) refers to libshutdown.o(.ARM.Collect$$libshutdown$$00000000) for __rt_lib_shutdown
    rtexit2.o(.ARM.Collect$$rtexit$$00000004) refers to sys_exit.o(.text) for _sys_exit
    rtexit2.o(.ARM.exidx) refers to rtexit2.o(.ARM.Collect$$rtexit$$00000001) for .ARM.Collect$$rtexit$$00000001
    rtexit2.o(.ARM.exidx) refers to rtexit2.o(.ARM.Collect$$rtexit$$00000003) for .ARM.Collect$$rtexit$$00000003
    rtexit2.o(.ARM.exidx) refers to rtexit2.o(.ARM.Collect$$rtexit$$00000004) for .ARM.Collect$$rtexit$$00000004
    __raise.o(.text) refers to defsig.o(CL$$defsig) for __default_signal_handler
    defsig_general.o(.text) refers to sys_wrch.o(.text) for _ttywrch
    sys_wrch.o(.text) refers (Special) to use_no_semi.o(.text) for __I$use$semihosting
    sys_wrch.o(.text) refers (Special) to indicate_semi.o(.text) for __semihosting_library_function
    defsig.o(CL$$defsig) refers to defsig_fpe_inner.o(.text) for __rt_SIGFPE_inner
    defsig.o(CL$$defsig) refers to defsig_rtmem_inner.o(.text) for __rt_SIGRTMEM_inner
    _get_argv_nomalloc.o(.text) refers (Special) to hrguard.o(.text) for __heap_region$guard
    _get_argv_nomalloc.o(.text) refers to defsig_rtmem_outer.o(.text) for __rt_SIGRTMEM
    _get_argv_nomalloc.o(.text) refers to sys_command.o(.text) for _sys_command_string
    libshutdown.o(.ARM.Collect$$libshutdown$$00000000) refers (Special) to libshutdown2.o(.ARM.Collect$$libshutdown$$00000006) for __rt_lib_shutdown_fp_trap_1
    libshutdown.o(.ARM.Collect$$libshutdown$$00000000) refers (Special) to libshutdown2.o(.ARM.Collect$$libshutdown$$0000000E) for __rt_lib_shutdown_heap_1
    libshutdown.o(.ARM.Collect$$libshutdown$$00000000) refers (Special) to libshutdown2.o(.ARM.Collect$$libshutdown$$0000000F) for __rt_lib_shutdown_return
    libshutdown.o(.ARM.Collect$$libshutdown$$00000000) refers (Special) to libshutdown2.o(.ARM.Collect$$libshutdown$$00000009) for __rt_lib_shutdown_signal_1
    libshutdown.o(.ARM.Collect$$libshutdown$$00000000) refers (Special) to libshutdown2.o(.ARM.Collect$$libshutdown$$00000003) for __rt_lib_shutdown_stdio_1
    libshutdown.o(.ARM.Collect$$libshutdown$$00000000) refers (Special) to libshutdown2.o(.ARM.Collect$$libshutdown$$0000000B) for __rt_lib_shutdown_user_alloc_1
    sys_command.o(.text) refers (Special) to use_no_semi.o(.text) for __I$use$semihosting
    sys_command.o(.text) refers (Special) to indicate_semi.o(.text) for __semihosting_library_function
    defsig_abrt_inner.o(.text) refers to defsig_general.o(.text) for __default_signal_display
    defsig_rtred_inner.o(.text) refers to defsig_general.o(.text) for __default_signal_display
    defsig_rtmem_inner.o(.text) refers to defsig_general.o(.text) for __default_signal_display
    defsig_rtmem_outer.o(.text) refers to defsig_rtmem_inner.o(.text) for __rt_SIGRTMEM_inner
    defsig_rtmem_outer.o(.text) refers to defsig_exit.o(.text) for __sig_exit
    defsig_rtmem_formal.o(.text) refers to rt_raise.o(.text) for __rt_raise
    defsig_stak_inner.o(.text) refers to defsig_general.o(.text) for __default_signal_display
    defsig_pvfn_inner.o(.text) refers to defsig_general.o(.text) for __default_signal_display
    defsig_cppl_inner.o(.text) refers to defsig_general.o(.text) for __default_signal_display
    defsig_segv_inner.o(.text) refers to defsig_general.o(.text) for __default_signal_display
    defsig_other.o(.text) refers to defsig_general.o(.text) for __default_signal_display


==============================================================================

Removing Unused input sections from the image.

    Removing bsp.o(.rev16_text), (4 bytes).
    Removing bsp.o(.revsh_text), (4 bytes).
    Removing bsp.o(i.BSP_led2On), (20 bytes).
    Removing bsp.o(i.BSP_led3On), (20 bytes).
    Removing bsp.o(i.BSP_random), (28 bytes).
    Removing bsp.o(i.BSP_randomSeed), (12 bytes).
    Removing bsp.o(i.BSP_terminate), (2 bytes).
    Removing bsp.o(i.QF_onCleanup), (2 bytes).
    Removing bsp.o(i.S2Pressed), (116 bytes).
    Removing bsp.o(i.myButton), (24 bytes).
    Removing bsp.o(.constdata), (24 bytes).
    Removing system_stm32l0xx.o(.rev16_text), (4 bytes).
    Removing system_stm32l0xx.o(.revsh_text), (4 bytes).
    Removing qep_hsm.o(i.QHsm_isIn), (72 bytes).
    Removing qep_msm.o(i.QMsm_ctor), (20 bytes).
    Removing qep_msm.o(i.QMsm_dispatch_), (260 bytes).
    Removing qep_msm.o(i.QMsm_enterHistory_), (128 bytes).
    Removing qep_msm.o(i.QMsm_execTatbl_), (68 bytes).
    Removing qep_msm.o(i.QMsm_exitToTranSource_), (64 bytes).
    Removing qep_msm.o(i.QMsm_init_), (92 bytes).
    Removing qep_msm.o(i.QMsm_isInState), (30 bytes).
    Removing qep_msm.o(.constdata), (36 bytes).
    Removing qf_act.o(i.QF_remove_), (56 bytes).
    Removing qf_actq.o(i.QF_getQueueMin), (56 bytes).
    Removing qf_defer.o(i.QActive_defer), (20 bytes).
    Removing qf_defer.o(i.QActive_recall), (76 bytes).
    Removing qf_defer.o(.constdata), (9 bytes).
    Removing qf_dyn.o(i.QF_newX_), (124 bytes).
    Removing qf_dyn.o(i.QF_poolInit), (112 bytes).
    Removing qf_mem.o(i.QF_getPoolMin), (60 bytes).
    Removing qf_mem.o(i.QMPool_get), (124 bytes).
    Removing qf_mem.o(i.QMPool_init), (144 bytes).
    Removing qf_ps.o(i.QActive_subscribe), (112 bytes).
    Removing qf_ps.o(i.QActive_unsubscribe), (112 bytes).
    Removing qf_ps.o(i.QActive_unsubscribeAll), (136 bytes).
    Removing qf_ps.o(i.QF_psInit), (32 bytes).
    Removing qf_ps.o(i.QF_publish_), (160 bytes).
    Removing qf_ps.o(.constdata), (6 bytes).
    Removing qf_ps.o(.data), (8 bytes).
    Removing qf_qeq.o(i.QEQueue_get), (88 bytes).
    Removing qf_qeq.o(i.QEQueue_post), (124 bytes).
    Removing qf_qeq.o(i.QEQueue_postLIFO), (92 bytes).
    Removing qf_qeq.o(.constdata), (7 bytes).
    Removing qf_qmact.o(i.QMActive_ctor), (32 bytes).
    Removing qf_qmact.o(.constdata), (20 bytes).
    Removing qf_time.o(i.QF_noTimeEvtsActiveX), (64 bytes).
    Removing qf_time.o(i.QTimeEvt_ctr), (10 bytes).
    Removing qf_time.o(i.QTimeEvt_disarm), (24 bytes).
    Removing qf_time.o(i.QTimeEvt_rearm), (108 bytes).
    Removing qv.o(i.QActive_stop), (12 bytes).
    Removing qv.o(i.QF_stop), (8 bytes).

51 unused section(s) (total 2970 bytes) removed from the image.

==============================================================================

Image Symbol Table

    Local Symbols

    Symbol Name                              Value     Ov Type        Size  Object(Section)

    ../clib/angel/boardlib.s                 0x00000000   Number         0  boardinit2.o ABSOLUTE
    ../clib/angel/boardlib.s                 0x00000000   Number         0  boardinit1.o ABSOLUTE
    ../clib/angel/boardlib.s                 0x00000000   Number         0  boardshut.o ABSOLUTE
    ../clib/angel/boardlib.s                 0x00000000   Number         0  boardinit3.o ABSOLUTE
    ../clib/angel/handlers.s                 0x00000000   Number         0  __scatter_zi.o ABSOLUTE
    ../clib/angel/handlers.s                 0x00000000   Number         0  __scatter_copy.o ABSOLUTE
    ../clib/angel/kernel.s                   0x00000000   Number         0  rtexit2.o ABSOLUTE
    ../clib/angel/kernel.s                   0x00000000   Number         0  __rtentry4.o ABSOLUTE
    ../clib/angel/kernel.s                   0x00000000   Number         0  __rtentry.o ABSOLUTE
    ../clib/angel/kernel.s                   0x00000000   Number         0  __rtentry2.o ABSOLUTE
    ../clib/angel/kernel.s                   0x00000000   Number         0  rtexit.o ABSOLUTE
    ../clib/angel/rt.s                       0x00000000   Number         0  rt_div0.o ABSOLUTE
    ../clib/angel/rt.s                       0x00000000   Number         0  aeabi_idiv0_sigfpe.o ABSOLUTE
    ../clib/angel/rt.s                       0x00000000   Number         0  rt_raise.o ABSOLUTE
    ../clib/angel/rt.s                       0x00000000   Number         0  aeabi_idiv0.o ABSOLUTE
    ../clib/angel/scatterp.s                 0x00000000   Number         0  __scatter.o ABSOLUTE
    ../clib/angel/startup.s                  0x00000000   Number         0  __main.o ABSOLUTE
    ../clib/angel/sys.s                      0x00000000   Number         0  tempstk.o ABSOLUTE
    ../clib/angel/sys.s                      0x00000000   Number         0  libspace.o ABSOLUTE
    ../clib/angel/sys.s                      0x00000000   Number         0  indicate_semi.o ABSOLUTE
    ../clib/angel/sys.s                      0x00000000   Number         0  use_no_semi.o ABSOLUTE
    ../clib/angel/sys.s                      0x00000000   Number         0  sys_stackheap_outer.o ABSOLUTE
    ../clib/angel/sysapp.c                   0x00000000   Number         0  sys_command.o ABSOLUTE
    ../clib/angel/sysapp.c                   0x00000000   Number         0  sys_exit.o ABSOLUTE
    ../clib/angel/sysapp.c                   0x00000000   Number         0  sys_wrch.o ABSOLUTE
    ../clib/armsys.c                         0x00000000   Number         0  no_argv.o ABSOLUTE
    ../clib/armsys.c                         0x00000000   Number         0  _get_argv_nomalloc.o ABSOLUTE
    ../clib/armsys.c                         0x00000000   Number         0  argv_veneer.o ABSOLUTE
    ../clib/division.s                       0x00000000   Number         0  aeabi_sdiv.o ABSOLUTE
    ../clib/division.s                       0x00000000   Number         0  aeabi_sdiv_div0.o ABSOLUTE
    ../clib/heapalloc.c                      0x00000000   Number         0  hrguard.o ABSOLUTE
    ../clib/heapaux.c                        0x00000000   Number         0  heapauxi.o ABSOLUTE
    ../clib/libinit.s                        0x00000000   Number         0  libshutdown.o ABSOLUTE
    ../clib/libinit.s                        0x00000000   Number         0  libinit2.o ABSOLUTE
    ../clib/libinit.s                        0x00000000   Number         0  libinit.o ABSOLUTE
    ../clib/libinit.s                        0x00000000   Number         0  libshutdown2.o ABSOLUTE
    ../clib/signal.c                         0x00000000   Number         0  defsig_abrt_inner.o ABSOLUTE
    ../clib/signal.c                         0x00000000   Number         0  defsig_exit.o ABSOLUTE
    ../clib/signal.c                         0x00000000   Number         0  defsig_rtmem_formal.o ABSOLUTE
    ../clib/signal.c                         0x00000000   Number         0  defsig_rtred_inner.o ABSOLUTE
    ../clib/signal.c                         0x00000000   Number         0  defsig_cppl_inner.o ABSOLUTE
    ../clib/signal.c                         0x00000000   Number         0  defsig_rtmem_outer.o ABSOLUTE
    ../clib/signal.c                         0x00000000   Number         0  defsig_rtmem_inner.o ABSOLUTE
    ../clib/signal.c                         0x00000000   Number         0  defsig_segv_inner.o ABSOLUTE
    ../clib/signal.c                         0x00000000   Number         0  defsig_general.o ABSOLUTE
    ../clib/signal.c                         0x00000000   Number         0  defsig_other.o ABSOLUTE
    ../clib/signal.c                         0x00000000   Number         0  defsig_stak_inner.o ABSOLUTE
    ../clib/signal.c                         0x00000000   Number         0  defsig_pvfn_inner.o ABSOLUTE
    ../clib/signal.c                         0x00000000   Number         0  defsig_fpe_outer.o ABSOLUTE
    ../clib/signal.c                         0x00000000   Number         0  defsig_fpe_formal.o ABSOLUTE
    ../clib/signal.c                         0x00000000   Number         0  __raise.o ABSOLUTE
    ../clib/signal.c                         0x00000000   Number         0  defsig_fpe_inner.o ABSOLUTE
    ../clib/signal.s                         0x00000000   Number         0  defsig.o ABSOLUTE
    ../clib/stdlib.c                         0x00000000   Number         0  exit.o ABSOLUTE
    ../fplib/cfplib/fpinit.c                 0x00000000   Number         0  fpinit.o ABSOLUTE
    ..\STMicroelectronics\STM32L0xx\Source\Templates\arm\startup_stm32l053xx.s 0x00000000   Number         0  startup_stm32l053xx.o ABSOLUTE
    ..\STMicroelectronics\STM32L0xx\Source\Templates\system_stm32l0xx.c 0x00000000   Number         0  system_stm32l0xx.o ABSOLUTE
    ..\\STMicroelectronics\\STM32L0xx\\Source\\Templates\\system_stm32l0xx.c 0x00000000   Number         0  system_stm32l0xx.o ABSOLUTE
    ..\\myBoardSupport\\bsp.c                0x00000000   Number         0  bsp.o ABSOLUTE
    ..\myBoardSupport\bsp.c                  0x00000000   Number         0  bsp.o ABSOLUTE
    ..\myProgram\blinky.c                    0x00000000   Number         0  blinky.o ABSOLUTE
    ..\myProgram\main.c                      0x00000000   Number         0  main.o ABSOLUTE
    ..\qp\qpc\source\qep_hsm.c               0x00000000   Number         0  qep_hsm.o ABSOLUTE
    ..\qp\qpc\source\qep_msm.c               0x00000000   Number         0  qep_msm.o ABSOLUTE
    ..\qp\qpc\source\qf_act.c                0x00000000   Number         0  qf_act.o ABSOLUTE
    ..\qp\qpc\source\qf_actq.c               0x00000000   Number         0  qf_actq.o ABSOLUTE
    ..\qp\qpc\source\qf_defer.c              0x00000000   Number         0  qf_defer.o ABSOLUTE
    ..\qp\qpc\source\qf_dyn.c                0x00000000   Number         0  qf_dyn.o ABSOLUTE
    ..\qp\qpc\source\qf_mem.c                0x00000000   Number         0  qf_mem.o ABSOLUTE
    ..\qp\qpc\source\qf_ps.c                 0x00000000   Number         0  qf_ps.o ABSOLUTE
    ..\qp\qpc\source\qf_qact.c               0x00000000   Number         0  qf_qact.o ABSOLUTE
    ..\qp\qpc\source\qf_qeq.c                0x00000000   Number         0  qf_qeq.o ABSOLUTE
    ..\qp\qpc\source\qf_qmact.c              0x00000000   Number         0  qf_qmact.o ABSOLUTE
    ..\qp\qpc\source\qf_time.c               0x00000000   Number         0  qf_time.o ABSOLUTE
    ..\qp\qpc\source\qv.c                    0x00000000   Number         0  qv.o ABSOLUTE
    dc.s                                     0x00000000   Number         0  dc.o ABSOLUTE
    RESET                                    0x08000000   Section      192  startup_stm32l053xx.o(RESET)
    !!!main                                  0x080000c0   Section        8  __main.o(!!!main)
    !!!scatter                               0x080000c8   Section       60  __scatter.o(!!!scatter)
    !!handler_copy                           0x08000104   Section       26  __scatter_copy.o(!!handler_copy)
    !!handler_zi                             0x08000120   Section       28  __scatter_zi.o(!!handler_zi)
    .ARM.Collect$$libinit$$00000000          0x0800013c   Section        2  libinit.o(.ARM.Collect$$libinit$$00000000)
    .ARM.Collect$$libinit$$00000002          0x0800013e   Section        0  libinit2.o(.ARM.Collect$$libinit$$00000002)
    .ARM.Collect$$libinit$$00000004          0x0800013e   Section        0  libinit2.o(.ARM.Collect$$libinit$$00000004)
    .ARM.Collect$$libinit$$0000000A          0x0800013e   Section        0  libinit2.o(.ARM.Collect$$libinit$$0000000A)
    .ARM.Collect$$libinit$$0000000C          0x0800013e   Section        0  libinit2.o(.ARM.Collect$$libinit$$0000000C)
    .ARM.Collect$$libinit$$0000000E          0x0800013e   Section        0  libinit2.o(.ARM.Collect$$libinit$$0000000E)
    .ARM.Collect$$libinit$$00000011          0x0800013e   Section        0  libinit2.o(.ARM.Collect$$libinit$$00000011)
    .ARM.Collect$$libinit$$00000013          0x0800013e   Section        0  libinit2.o(.ARM.Collect$$libinit$$00000013)
    .ARM.Collect$$libinit$$00000015          0x0800013e   Section        0  libinit2.o(.ARM.Collect$$libinit$$00000015)
    .ARM.Collect$$libinit$$00000017          0x0800013e   Section        0  libinit2.o(.ARM.Collect$$libinit$$00000017)
    .ARM.Collect$$libinit$$00000019          0x0800013e   Section        0  libinit2.o(.ARM.Collect$$libinit$$00000019)
    .ARM.Collect$$libinit$$0000001B          0x0800013e   Section        0  libinit2.o(.ARM.Collect$$libinit$$0000001B)
    .ARM.Collect$$libinit$$0000001D          0x0800013e   Section        0  libinit2.o(.ARM.Collect$$libinit$$0000001D)
    .ARM.Collect$$libinit$$0000001F          0x0800013e   Section        0  libinit2.o(.ARM.Collect$$libinit$$0000001F)
    .ARM.Collect$$libinit$$00000021          0x0800013e   Section        0  libinit2.o(.ARM.Collect$$libinit$$00000021)
    .ARM.Collect$$libinit$$00000023          0x0800013e   Section        0  libinit2.o(.ARM.Collect$$libinit$$00000023)
    .ARM.Collect$$libinit$$00000025          0x0800013e   Section        0  libinit2.o(.ARM.Collect$$libinit$$00000025)
    .ARM.Collect$$libinit$$0000002C          0x0800013e   Section        0  libinit2.o(.ARM.Collect$$libinit$$0000002C)
    .ARM.Collect$$libinit$$0000002E          0x0800013e   Section        0  libinit2.o(.ARM.Collect$$libinit$$0000002E)
    .ARM.Collect$$libinit$$00000030          0x0800013e   Section        0  libinit2.o(.ARM.Collect$$libinit$$00000030)
    .ARM.Collect$$libinit$$00000032          0x0800013e   Section        0  libinit2.o(.ARM.Collect$$libinit$$00000032)
    .ARM.Collect$$libinit$$00000033          0x0800013e   Section        2  libinit2.o(.ARM.Collect$$libinit$$00000033)
    .ARM.Collect$$libshutdown$$00000000      0x08000140   Section        2  libshutdown.o(.ARM.Collect$$libshutdown$$00000000)
    .ARM.Collect$$libshutdown$$00000003      0x08000142   Section        0  libshutdown2.o(.ARM.Collect$$libshutdown$$00000003)
    .ARM.Collect$$libshutdown$$00000006      0x08000142   Section        0  libshutdown2.o(.ARM.Collect$$libshutdown$$00000006)
    .ARM.Collect$$libshutdown$$00000009      0x08000142   Section        0  libshutdown2.o(.ARM.Collect$$libshutdown$$00000009)
    .ARM.Collect$$libshutdown$$0000000B      0x08000142   Section        0  libshutdown2.o(.ARM.Collect$$libshutdown$$0000000B)
    .ARM.Collect$$libshutdown$$0000000E      0x08000142   Section        0  libshutdown2.o(.ARM.Collect$$libshutdown$$0000000E)
    .ARM.Collect$$libshutdown$$0000000F      0x08000142   Section        2  libshutdown2.o(.ARM.Collect$$libshutdown$$0000000F)
    .ARM.Collect$$rtentry$$00000000          0x08000144   Section        0  __rtentry.o(.ARM.Collect$$rtentry$$00000000)
    .ARM.Collect$$rtentry$$00000002          0x08000144   Section        0  __rtentry2.o(.ARM.Collect$$rtentry$$00000002)
    .ARM.Collect$$rtentry$$00000004          0x08000144   Section        6  __rtentry4.o(.ARM.Collect$$rtentry$$00000004)
    .ARM.Collect$$rtentry$$00000009          0x0800014a   Section        0  __rtentry2.o(.ARM.Collect$$rtentry$$00000009)
    .ARM.Collect$$rtentry$$0000000A          0x0800014a   Section        4  __rtentry2.o(.ARM.Collect$$rtentry$$0000000A)
    .ARM.Collect$$rtentry$$0000000C          0x0800014e   Section        0  __rtentry2.o(.ARM.Collect$$rtentry$$0000000C)
    .ARM.Collect$$rtentry$$0000000D          0x0800014e   Section        8  __rtentry2.o(.ARM.Collect$$rtentry$$0000000D)
    .ARM.Collect$$rtexit$$00000000           0x08000156   Section        2  rtexit.o(.ARM.Collect$$rtexit$$00000000)
    .ARM.Collect$$rtexit$$00000002           0x08000158   Section        0  rtexit2.o(.ARM.Collect$$rtexit$$00000002)
    .ARM.Collect$$rtexit$$00000003           0x08000158   Section        4  rtexit2.o(.ARM.Collect$$rtexit$$00000003)
    .ARM.Collect$$rtexit$$00000004           0x0800015c   Section        6  rtexit2.o(.ARM.Collect$$rtexit$$00000004)
    .text                                    0x08000164   Section      108  startup_stm32l053xx.o(.text)
    .text                                    0x080001d0   Section      346  aeabi_sdiv.o(.text)
    .text                                    0x0800032a   Section        0  heapauxi.o(.text)
    .text                                    0x08000330   Section       62  sys_stackheap_outer.o(.text)
    .text                                    0x0800036e   Section        0  exit.o(.text)
    .text                                    0x0800037c   Section        8  libspace.o(.text)
    .text                                    0x08000384   Section        0  sys_exit.o(.text)
    .text                                    0x08000390   Section        2  use_no_semi.o(.text)
    .text                                    0x08000392   Section        0  indicate_semi.o(.text)
    i.BSP_init                               0x08000394   Section        0  bsp.o(i.BSP_init)
    i.BSP_led0Off                            0x08000820   Section        0  bsp.o(i.BSP_led0Off)
    i.BSP_led0On                             0x08000834   Section        0  bsp.o(i.BSP_led0On)
    i.BSP_led1Off                            0x08000848   Section        0  bsp.o(i.BSP_led1Off)
    i.BSP_led1On                             0x0800085c   Section        0  bsp.o(i.BSP_led1On)
    i.BSP_led2Off                            0x08000870   Section        0  bsp.o(i.BSP_led2Off)
    i.BSP_led3Off                            0x08000884   Section        0  bsp.o(i.BSP_led3Off)
    i.BSP_led4Off                            0x08000898   Section        0  bsp.o(i.BSP_led4Off)
    i.BSP_led4On                             0x080008ac   Section        0  bsp.o(i.BSP_led4On)
    i.BSP_led5Off                            0x080008c0   Section        0  bsp.o(i.BSP_led5Off)
    i.BSP_led5On                             0x080008d4   Section        0  bsp.o(i.BSP_led5On)
    i.BSP_led6Off                            0x080008e8   Section        0  bsp.o(i.BSP_led6Off)
    i.BSP_led6On                             0x080008fc   Section        0  bsp.o(i.BSP_led6On)
    i.BSP_led7Off                            0x08000910   Section        0  bsp.o(i.BSP_led7Off)
    i.BSP_led7On                             0x08000924   Section        0  bsp.o(i.BSP_led7On)
    i.BSP_ledAOff                            0x08000938   Section        0  bsp.o(i.BSP_ledAOff)
    i.BSP_ledAOn                             0x0800094c   Section        0  bsp.o(i.BSP_ledAOn)
    i.BSP_ledBOff                            0x08000960   Section        0  bsp.o(i.BSP_ledBOff)
    i.BSP_ledBOn                             0x08000974   Section        0  bsp.o(i.BSP_ledBOn)
    i.BSP_ledCOff                            0x08000988   Section        0  bsp.o(i.BSP_ledCOff)
    i.BSP_ledCOn                             0x0800099c   Section        0  bsp.o(i.BSP_ledCOn)
    i.BSP_ledDOff                            0x080009b0   Section        0  bsp.o(i.BSP_ledDOff)
    i.BSP_ledDOn                             0x080009c4   Section        0  bsp.o(i.BSP_ledDOn)
    i.BSP_ledEOff                            0x080009d8   Section        0  bsp.o(i.BSP_ledEOff)
    i.BSP_ledEOn                             0x080009ec   Section        0  bsp.o(i.BSP_ledEOn)
    i.Blinky_0                               0x08000a00   Section        0  blinky.o(i.Blinky_0)
    Blinky_0                                 0x08000a01   Thumb Code   122  blinky.o(i.Blinky_0)
    i.Blinky_1                               0x08000a84   Section        0  blinky.o(i.Blinky_1)
    Blinky_1                                 0x08000a85   Thumb Code   122  blinky.o(i.Blinky_1)
    i.Blinky_4                               0x08000b08   Section        0  blinky.o(i.Blinky_4)
    Blinky_4                                 0x08000b09   Thumb Code   122  blinky.o(i.Blinky_4)
    i.Blinky_5                               0x08000b8c   Section        0  blinky.o(i.Blinky_5)
    Blinky_5                                 0x08000b8d   Thumb Code   122  blinky.o(i.Blinky_5)
    i.Blinky_ctor                            0x08000c10   Section        0  blinky.o(i.Blinky_ctor)
    i.Blinky_initial                         0x08000c34   Section        0  blinky.o(i.Blinky_initial)
    Blinky_initial                           0x08000c35   Thumb Code    26  blinky.o(i.Blinky_initial)
    i.NVIC_SetPriority                       0x08000c54   Section        0  bsp.o(i.NVIC_SetPriority)
    NVIC_SetPriority                         0x08000c55   Thumb Code   110  bsp.o(i.NVIC_SetPriority)
    i.QActive_ctor                           0x08000ccc   Section        0  qf_qact.o(i.QActive_ctor)
    i.QActive_get_                           0x08000cec   Section        0  qf_actq.o(i.QActive_get_)
    i.QActive_postLIFO_                      0x08000d90   Section        0  qf_actq.o(i.QActive_postLIFO_)
    i.QActive_post_                          0x08000e28   Section        0  qf_actq.o(i.QActive_post_)
    i.QActive_start_                         0x08000ee4   Section        0  qv.o(i.QActive_start_)
    i.QEQueue_init                           0x08000f2c   Section        0  qf_qeq.o(i.QEQueue_init)
    i.QF_add_                                0x08000f44   Section        0  qf_act.o(i.QF_add_)
    i.QF_bzero                               0x08000f7c   Section        0  qf_act.o(i.QF_bzero)
    i.QF_gc                                  0x08000f90   Section        0  qf_dyn.o(i.QF_gc)
    i.QF_init                                0x08000fe4   Section        0  qv.o(i.QF_init)
    i.QF_onStartup                           0x08001018   Section        0  bsp.o(i.QF_onStartup)
    i.QF_run                                 0x08001064   Section        0  qv.o(i.QF_run)
    i.QF_tickX_                              0x080010d4   Section        0  qf_time.o(i.QF_tickX_)
    i.QHsm_ctor                              0x08001184   Section        0  qep_hsm.o(i.QHsm_ctor)
    i.QHsm_dispatch_                         0x08001198   Section        0  qep_hsm.o(i.QHsm_dispatch_)
    i.QHsm_init_                             0x0800129c   Section        0  qep_hsm.o(i.QHsm_init_)
    i.QHsm_top                               0x08001354   Section        0  qep_hsm.o(i.QHsm_top)
    i.QHsm_tran_                             0x0800135c   Section        0  qep_hsm.o(i.QHsm_tran_)
    QHsm_tran_                               0x0800135d   Thumb Code   358  qep_hsm.o(i.QHsm_tran_)
    i.QMPool_put                             0x080014cc   Section        0  qf_mem.o(i.QMPool_put)
    i.QTimeEvt_armX                          0x08001508   Section        0  qf_time.o(i.QTimeEvt_armX)
    i.QTimeEvt_ctorX                         0x08001574   Section        0  qf_time.o(i.QTimeEvt_ctorX)
    i.QV_onIdle                              0x080015a8   Section        0  bsp.o(i.QV_onIdle)
    i.SysTick_Handler                        0x080015ac   Section        0  bsp.o(i.SysTick_Handler)
    i.SystemCoreClockUpdate                  0x080015ec   Section        0  system_stm32l0xx.o(i.SystemCoreClockUpdate)
    i.SystemInit                             0x080016e8   Section        0  system_stm32l0xx.o(i.SystemInit)
    i.main                                   0x08001750   Section        0  main.o(i.main)
    .constdata                               0x08001788   Section        4  blinky.o(.constdata)
    .constdata                               0x0800178c   Section       32  qep_hsm.o(.constdata)
    Q_this_module_                           0x0800178c   Data           8  qep_hsm.o(.constdata)
    QEP_reservedEvt_                         0x08001794   Data          16  qep_hsm.o(.constdata)
    vtbl                                     0x080017a4   Data           8  qep_hsm.o(.constdata)
    .constdata                               0x080017ac   Section      458  qf_act.o(.constdata)
    Q_this_module_                           0x080017ac   Data           7  qf_act.o(.constdata)
    .constdata                               0x08001976   Section        8  qf_actq.o(.constdata)
    Q_this_module_                           0x08001976   Data           8  qf_actq.o(.constdata)
    .constdata                               0x0800197e   Section        7  qf_dyn.o(.constdata)
    Q_this_module_                           0x0800197e   Data           7  qf_dyn.o(.constdata)
    .constdata                               0x08001985   Section        7  qf_mem.o(.constdata)
    Q_this_module_                           0x08001985   Data           7  qf_mem.o(.constdata)
    .constdata                               0x0800198c   Section       20  qf_qact.o(.constdata)
    vtbl                                     0x0800198c   Data          20  qf_qact.o(.constdata)
    .constdata                               0x080019a0   Section        8  qf_time.o(.constdata)
    Q_this_module_                           0x080019a0   Data           8  qf_time.o(.constdata)
    .constdata                               0x080019a8   Section        3  qv.o(.constdata)
    Q_this_module_                           0x080019a8   Data           3  qv.o(.constdata)
    .data                                    0x20000000   Section       20  bsp.o(.data)
    l_rnd                                    0x20000000   Data           4  bsp.o(.data)
    buttons                                  0x20000004   Data           8  bsp.o(.data)
    S2KeyCount                               0x2000000c   Data           4  bsp.o(.data)
    S2KeyPressed                             0x20000010   Data           4  bsp.o(.data)
    .data                                    0x20000014   Section       29  system_stm32l0xx.o(.data)
    .data                                    0x20000034   Section        4  qf_dyn.o(.data)
    .bss                                     0x20000038   Section       40  main.o(.bss)
    l_blinkyQSto                             0x20000038   Data          40  main.o(.bss)
    .bss                                     0x20000060   Section       60  blinky.o(.bss)
    l_blinky                                 0x20000060   Data          60  blinky.o(.bss)
    .bss                                     0x2000009c   Section      132  qf_act.o(.bss)
    .bss                                     0x20000120   Section       60  qf_dyn.o(.bss)
    .bss                                     0x2000015c   Section       32  qf_time.o(.bss)
    .bss                                     0x2000017c   Section       36  qv.o(.bss)
    .bss                                     0x200001a0   Section       96  libspace.o(.bss)
    HEAP                                     0x20000200   Section        0  startup_stm32l053xx.o(HEAP)
    STACK                                    0x20000200   Section     1024  startup_stm32l053xx.o(STACK)
    Heap_Mem                                 0x20000200   Data           0  startup_stm32l053xx.o(HEAP)
    Stack_Mem                                0x20000200   Data        1024  startup_stm32l053xx.o(STACK)
    __initial_sp                             0x20000600   Data           0  startup_stm32l053xx.o(STACK)

    Global Symbols

    Symbol Name                              Value     Ov Type        Size  Object(Section)

    BuildAttributes$$THM_ISAv3M$S$PE$A:L22$X:L11$S22$IEEE1$IW$USESV6$~STKCKD$USESV7$~SHL$OSPACE$ROPI$EBA8$UX$STANDARDLIB$REQ8$PRES8$EABIv2 0x00000000   Number         0  anon$$obj.o ABSOLUTE
    __ARM_use_no_argv                        0x00000000   Number         0  main.o ABSOLUTE
    __ARM_exceptions_init                     - Undefined Weak Reference
    __alloca_initialize                       - Undefined Weak Reference
    __arm_preinit_                            - Undefined Weak Reference
    __cpp_initialize__aeabi_                  - Undefined Weak Reference
    __cxa_finalize                            - Undefined Weak Reference
    __rt_locale                               - Undefined Weak Reference
    __sigvec_lookup                           - Undefined Weak Reference
    _atexit_init                              - Undefined Weak Reference
    _call_atexit_fns                          - Undefined Weak Reference
    _clock_init                               - Undefined Weak Reference
    _fp_trap_init                             - Undefined Weak Reference
    _fp_trap_shutdown                         - Undefined Weak Reference
    _get_lc_collate                           - Undefined Weak Reference
    _get_lc_ctype                             - Undefined Weak Reference
    _get_lc_monetary                          - Undefined Weak Reference
    _get_lc_numeric                           - Undefined Weak Reference
    _get_lc_time                              - Undefined Weak Reference
    _getenv_init                              - Undefined Weak Reference
    _handle_redirection                       - Undefined Weak Reference
    _init_alloc                               - Undefined Weak Reference
    _init_user_alloc                          - Undefined Weak Reference
    _initio                                   - Undefined Weak Reference
    _rand_init                                - Undefined Weak Reference
    _signal_finish                            - Undefined Weak Reference
    _signal_init                              - Undefined Weak Reference
    _terminate_alloc                          - Undefined Weak Reference
    _terminate_user_alloc                     - Undefined Weak Reference
    _terminateio                              - Undefined Weak Reference
    __Vectors_Size                           0x000000c0   Number         0  startup_stm32l053xx.o ABSOLUTE
    __Vectors                                0x08000000   Data           4  startup_stm32l053xx.o(RESET)
    __Vectors_End                            0x080000c0   Data           0  startup_stm32l053xx.o(RESET)
    __main                                   0x080000c1   Thumb Code     8  __main.o(!!!main)
    __scatterload                            0x080000c9   Thumb Code     0  __scatter.o(!!!scatter)
    __scatterload_rt2                        0x080000c9   Thumb Code    52  __scatter.o(!!!scatter)
    __scatterload_rt2_thumb_only             0x080000c9   Thumb Code     0  __scatter.o(!!!scatter)
    __scatterload_null                       0x080000d9   Thumb Code     0  __scatter.o(!!!scatter)
    __scatterload_copy                       0x08000105   Thumb Code    26  __scatter_copy.o(!!handler_copy)
    __scatterload_zeroinit                   0x08000121   Thumb Code    28  __scatter_zi.o(!!handler_zi)
    __rt_lib_init                            0x0800013d   Thumb Code     0  libinit.o(.ARM.Collect$$libinit$$00000000)
    __rt_lib_init_alloca_1                   0x0800013f   Thumb Code     0  libinit2.o(.ARM.Collect$$libinit$$0000002E)
    __rt_lib_init_argv_1                     0x0800013f   Thumb Code     0  libinit2.o(.ARM.Collect$$libinit$$0000002C)
    __rt_lib_init_atexit_1                   0x0800013f   Thumb Code     0  libinit2.o(.ARM.Collect$$libinit$$0000001B)
    __rt_lib_init_clock_1                    0x0800013f   Thumb Code     0  libinit2.o(.ARM.Collect$$libinit$$00000021)
    __rt_lib_init_cpp_1                      0x0800013f   Thumb Code     0  libinit2.o(.ARM.Collect$$libinit$$00000032)
    __rt_lib_init_exceptions_1               0x0800013f   Thumb Code     0  libinit2.o(.ARM.Collect$$libinit$$00000030)
    __rt_lib_init_fp_1                       0x0800013f   Thumb Code     0  libinit2.o(.ARM.Collect$$libinit$$00000002)
    __rt_lib_init_fp_trap_1                  0x0800013f   Thumb Code     0  libinit2.o(.ARM.Collect$$libinit$$0000001F)
    __rt_lib_init_getenv_1                   0x0800013f   Thumb Code     0  libinit2.o(.ARM.Collect$$libinit$$00000023)
    __rt_lib_init_heap_1                     0x0800013f   Thumb Code     0  libinit2.o(.ARM.Collect$$libinit$$0000000A)
    __rt_lib_init_lc_collate_1               0x0800013f   Thumb Code     0  libinit2.o(.ARM.Collect$$libinit$$00000011)
    __rt_lib_init_lc_ctype_1                 0x0800013f   Thumb Code     0  libinit2.o(.ARM.Collect$$libinit$$00000013)
    __rt_lib_init_lc_monetary_1              0x0800013f   Thumb Code     0  libinit2.o(.ARM.Collect$$libinit$$00000015)
    __rt_lib_init_lc_numeric_1               0x0800013f   Thumb Code     0  libinit2.o(.ARM.Collect$$libinit$$00000017)
    __rt_lib_init_lc_time_1                  0x0800013f   Thumb Code     0  libinit2.o(.ARM.Collect$$libinit$$00000019)
    __rt_lib_init_preinit_1                  0x0800013f   Thumb Code     0  libinit2.o(.ARM.Collect$$libinit$$00000004)
    __rt_lib_init_rand_1                     0x0800013f   Thumb Code     0  libinit2.o(.ARM.Collect$$libinit$$0000000E)
    __rt_lib_init_return                     0x0800013f   Thumb Code     0  libinit2.o(.ARM.Collect$$libinit$$00000033)
    __rt_lib_init_signal_1                   0x0800013f   Thumb Code     0  libinit2.o(.ARM.Collect$$libinit$$0000001D)
    __rt_lib_init_stdio_1                    0x0800013f   Thumb Code     0  libinit2.o(.ARM.Collect$$libinit$$00000025)
    __rt_lib_init_user_alloc_1               0x0800013f   Thumb Code     0  libinit2.o(.ARM.Collect$$libinit$$0000000C)
    __rt_lib_shutdown                        0x08000141   Thumb Code     0  libshutdown.o(.ARM.Collect$$libshutdown$$00000000)
    __rt_lib_shutdown_fp_trap_1              0x08000143   Thumb Code     0  libshutdown2.o(.ARM.Collect$$libshutdown$$00000006)
    __rt_lib_shutdown_heap_1                 0x08000143   Thumb Code     0  libshutdown2.o(.ARM.Collect$$libshutdown$$0000000E)
    __rt_lib_shutdown_return                 0x08000143   Thumb Code     0  libshutdown2.o(.ARM.Collect$$libshutdown$$0000000F)
    __rt_lib_shutdown_signal_1               0x08000143   Thumb Code     0  libshutdown2.o(.ARM.Collect$$libshutdown$$00000009)
    __rt_lib_shutdown_stdio_1                0x08000143   Thumb Code     0  libshutdown2.o(.ARM.Collect$$libshutdown$$00000003)
    __rt_lib_shutdown_user_alloc_1           0x08000143   Thumb Code     0  libshutdown2.o(.ARM.Collect$$libshutdown$$0000000B)
    __rt_entry                               0x08000145   Thumb Code     0  __rtentry.o(.ARM.Collect$$rtentry$$00000000)
    __rt_entry_presh_1                       0x08000145   Thumb Code     0  __rtentry2.o(.ARM.Collect$$rtentry$$00000002)
    __rt_entry_sh                            0x08000145   Thumb Code     0  __rtentry4.o(.ARM.Collect$$rtentry$$00000004)
    __rt_entry_li                            0x0800014b   Thumb Code     0  __rtentry2.o(.ARM.Collect$$rtentry$$0000000A)
    __rt_entry_postsh_1                      0x0800014b   Thumb Code     0  __rtentry2.o(.ARM.Collect$$rtentry$$00000009)
    __rt_entry_main                          0x0800014f   Thumb Code     0  __rtentry2.o(.ARM.Collect$$rtentry$$0000000D)
    __rt_entry_postli_1                      0x0800014f   Thumb Code     0  __rtentry2.o(.ARM.Collect$$rtentry$$0000000C)
    __rt_exit                                0x08000157   Thumb Code     0  rtexit.o(.ARM.Collect$$rtexit$$00000000)
    __rt_exit_ls                             0x08000159   Thumb Code     0  rtexit2.o(.ARM.Collect$$rtexit$$00000003)
    __rt_exit_prels_1                        0x08000159   Thumb Code     0  rtexit2.o(.ARM.Collect$$rtexit$$00000002)
    __rt_exit_exit                           0x0800015d   Thumb Code     0  rtexit2.o(.ARM.Collect$$rtexit$$00000004)
    Reset_Handler                            0x08000165   Thumb Code     8  startup_stm32l053xx.o(.text)
    NMI_Handler                              0x0800016d   Thumb Code     6  startup_stm32l053xx.o(.text)
    HardFault_Handler                        0x08000173   Thumb Code     6  startup_stm32l053xx.o(.text)
    SVC_Handler                              0x08000179   Thumb Code     6  startup_stm32l053xx.o(.text)
    DebugMon_Handler                         0x0800017f   Thumb Code     6  startup_stm32l053xx.o(.text)
    PendSV_Handler                           0x08000185   Thumb Code     6  startup_stm32l053xx.o(.text)
    ADC1_COMP_IRQHandler                     0x08000191   Thumb Code     0  startup_stm32l053xx.o(.text)
    DMA1_Channel1_IRQHandler                 0x08000191   Thumb Code     0  startup_stm32l053xx.o(.text)
    DMA1_Channel2_3_IRQHandler               0x08000191   Thumb Code     0  startup_stm32l053xx.o(.text)
    DMA1_Channel4_5_6_7_IRQHandler           0x08000191   Thumb Code     0  startup_stm32l053xx.o(.text)
    EXTI0_1_IRQHandler                       0x08000191   Thumb Code     0  startup_stm32l053xx.o(.text)
    EXTI2_3_IRQHandler                       0x08000191   Thumb Code     0  startup_stm32l053xx.o(.text)
    EXTI4_15_IRQHandler                      0x08000191   Thumb Code     0  startup_stm32l053xx.o(.text)
    FLASH_IRQHandler                         0x08000191   Thumb Code     0  startup_stm32l053xx.o(.text)
    I2C1_IRQHandler                          0x08000191   Thumb Code     0  startup_stm32l053xx.o(.text)
    I2C2_IRQHandler                          0x08000191   Thumb Code     0  startup_stm32l053xx.o(.text)
    LCD_IRQHandler                           0x08000191   Thumb Code     0  startup_stm32l053xx.o(.text)
    LPTIM1_IRQHandler                        0x08000191   Thumb Code     0  startup_stm32l053xx.o(.text)
    PVD_IRQHandler                           0x08000191   Thumb Code     0  startup_stm32l053xx.o(.text)
    RCC_CRS_IRQHandler                       0x08000191   Thumb Code     0  startup_stm32l053xx.o(.text)
    RNG_LPUART1_IRQHandler                   0x08000191   Thumb Code     0  startup_stm32l053xx.o(.text)
    RTC_IRQHandler                           0x08000191   Thumb Code     0  startup_stm32l053xx.o(.text)
    SPI1_IRQHandler                          0x08000191   Thumb Code     0  startup_stm32l053xx.o(.text)
    SPI2_IRQHandler                          0x08000191   Thumb Code     0  startup_stm32l053xx.o(.text)
    TIM21_IRQHandler                         0x08000191   Thumb Code     0  startup_stm32l053xx.o(.text)
    TIM22_IRQHandler                         0x08000191   Thumb Code     0  startup_stm32l053xx.o(.text)
    TIM2_IRQHandler                          0x08000191   Thumb Code     0  startup_stm32l053xx.o(.text)
    TIM6_DAC_IRQHandler                      0x08000191   Thumb Code     0  startup_stm32l053xx.o(.text)
    TSC_IRQHandler                           0x08000191   Thumb Code     0  startup_stm32l053xx.o(.text)
    USART1_IRQHandler                        0x08000191   Thumb Code     0  startup_stm32l053xx.o(.text)
    USART2_IRQHandler                        0x08000191   Thumb Code     0  startup_stm32l053xx.o(.text)
    USB_IRQHandler                           0x08000191   Thumb Code     0  startup_stm32l053xx.o(.text)
    WWDG_IRQHandler                          0x08000191   Thumb Code     0  startup_stm32l053xx.o(.text)
    __user_initial_stackheap                 0x08000199   Thumb Code     0  startup_stm32l053xx.o(.text)
    Q_onAssert                               0x080001a5   Thumb Code     0  startup_stm32l053xx.o(.text)
    assert_failed                            0x080001a5   Thumb Code    16  startup_stm32l053xx.o(.text)
    __aeabi_uidiv                            0x080001d1   Thumb Code     0  aeabi_sdiv.o(.text)
    __aeabi_uidivmod                         0x080001d1   Thumb Code    20  aeabi_sdiv.o(.text)
    __aeabi_idiv                             0x080001e5   Thumb Code     0  aeabi_sdiv.o(.text)
    __aeabi_idivmod                          0x080001e5   Thumb Code   326  aeabi_sdiv.o(.text)
    __use_two_region_memory                  0x0800032b   Thumb Code     2  heapauxi.o(.text)
    __rt_heap_escrow$2region                 0x0800032d   Thumb Code     2  heapauxi.o(.text)
    __rt_heap_expand$2region                 0x0800032f   Thumb Code     2  heapauxi.o(.text)
    __user_setup_stackheap                   0x08000331   Thumb Code    62  sys_stackheap_outer.o(.text)
    exit                                     0x0800036f   Thumb Code    12  exit.o(.text)
    __user_libspace                          0x0800037d   Thumb Code     8  libspace.o(.text)
    __user_perproc_libspace                  0x0800037d   Thumb Code     0  libspace.o(.text)
    __user_perthread_libspace                0x0800037d   Thumb Code     0  libspace.o(.text)
    _sys_exit                                0x08000385   Thumb Code     8  sys_exit.o(.text)
    __I$use$semihosting                      0x08000391   Thumb Code     0  use_no_semi.o(.text)
    __use_no_semihosting_swi                 0x08000391   Thumb Code     2  use_no_semi.o(.text)
    __semihosting_library_function           0x08000393   Thumb Code     0  indicate_semi.o(.text)
    BSP_init                                 0x08000395   Thumb Code  1152  bsp.o(i.BSP_init)
    BSP_led0Off                              0x08000821   Thumb Code    16  bsp.o(i.BSP_led0Off)
    BSP_led0On                               0x08000835   Thumb Code    14  bsp.o(i.BSP_led0On)
    BSP_led1Off                              0x08000849   Thumb Code    16  bsp.o(i.BSP_led1Off)
    BSP_led1On                               0x0800085d   Thumb Code    14  bsp.o(i.BSP_led1On)
    BSP_led2Off                              0x08000871   Thumb Code    16  bsp.o(i.BSP_led2Off)
    BSP_led3Off                              0x08000885   Thumb Code    16  bsp.o(i.BSP_led3Off)
    BSP_led4Off                              0x08000899   Thumb Code    16  bsp.o(i.BSP_led4Off)
    BSP_led4On                               0x080008ad   Thumb Code    14  bsp.o(i.BSP_led4On)
    BSP_led5Off                              0x080008c1   Thumb Code    16  bsp.o(i.BSP_led5Off)
    BSP_led5On                               0x080008d5   Thumb Code    14  bsp.o(i.BSP_led5On)
    BSP_led6Off                              0x080008e9   Thumb Code    16  bsp.o(i.BSP_led6Off)
    BSP_led6On                               0x080008fd   Thumb Code    14  bsp.o(i.BSP_led6On)
    BSP_led7Off                              0x08000911   Thumb Code    16  bsp.o(i.BSP_led7Off)
    BSP_led7On                               0x08000925   Thumb Code    14  bsp.o(i.BSP_led7On)
    BSP_ledAOff                              0x08000939   Thumb Code    16  bsp.o(i.BSP_ledAOff)
    BSP_ledAOn                               0x0800094d   Thumb Code    16  bsp.o(i.BSP_ledAOn)
    BSP_ledBOff                              0x08000961   Thumb Code    16  bsp.o(i.BSP_ledBOff)
    BSP_ledBOn                               0x08000975   Thumb Code    16  bsp.o(i.BSP_ledBOn)
    BSP_ledCOff                              0x08000989   Thumb Code    16  bsp.o(i.BSP_ledCOff)
    BSP_ledCOn                               0x0800099d   Thumb Code    16  bsp.o(i.BSP_ledCOn)
    BSP_ledDOff                              0x080009b1   Thumb Code    16  bsp.o(i.BSP_ledDOff)
    BSP_ledDOn                               0x080009c5   Thumb Code    16  bsp.o(i.BSP_ledDOn)
    BSP_ledEOff                              0x080009d9   Thumb Code    16  bsp.o(i.BSP_ledEOff)
    BSP_ledEOn                               0x080009ed   Thumb Code    16  bsp.o(i.BSP_ledEOn)
    Blinky_ctor                              0x08000c11   Thumb Code    28  blinky.o(i.Blinky_ctor)
    QActive_ctor                             0x08000ccd   Thumb Code    28  qf_qact.o(i.QActive_ctor)
    QActive_get_                             0x08000ced   Thumb Code   146  qf_actq.o(i.QActive_get_)
    QActive_postLIFO_                        0x08000d91   Thumb Code   134  qf_actq.o(i.QActive_postLIFO_)
    QActive_post_                            0x08000e29   Thumb Code   170  qf_actq.o(i.QActive_post_)
    QActive_start_                           0x08000ee5   Thumb Code    68  qv.o(i.QActive_start_)
    QEQueue_init                             0x08000f2d   Thumb Code    22  qf_qeq.o(i.QEQueue_init)
    QF_add_                                  0x08000f45   Thumb Code    46  qf_act.o(i.QF_add_)
    QF_bzero                                 0x08000f7d   Thumb Code    18  qf_act.o(i.QF_bzero)
    QF_gc                                    0x08000f91   Thumb Code    72  qf_dyn.o(i.QF_gc)
    QF_init                                  0x08000fe5   Thumb Code    34  qv.o(i.QF_init)
    QF_onStartup                             0x08001019   Thumb Code    62  bsp.o(i.QF_onStartup)
    QF_run                                   0x08001065   Thumb Code    98  qv.o(i.QF_run)
    QF_tickX_                                0x080010d5   Thumb Code   168  qf_time.o(i.QF_tickX_)
    QHsm_ctor                                0x08001185   Thumb Code    12  qep_hsm.o(i.QHsm_ctor)
    QHsm_dispatch_                           0x08001199   Thumb Code   250  qep_hsm.o(i.QHsm_dispatch_)
    QHsm_init_                               0x0800129d   Thumb Code   170  qep_hsm.o(i.QHsm_init_)
    QHsm_top                                 0x08001355   Thumb Code     6  qep_hsm.o(i.QHsm_top)
    QMPool_put                               0x080014cd   Thumb Code    54  qf_mem.o(i.QMPool_put)
    QTimeEvt_armX                            0x08001509   Thumb Code    98  qf_time.o(i.QTimeEvt_armX)
    QTimeEvt_ctorX                           0x08001575   Thumb Code    48  qf_time.o(i.QTimeEvt_ctorX)
    QV_onIdle                                0x080015a9   Thumb Code     4  bsp.o(i.QV_onIdle)
    SysTick_Handler                          0x080015ad   Thumb Code    56  bsp.o(i.SysTick_Handler)
    SystemCoreClockUpdate                    0x080015ed   Thumb Code   226  system_stm32l0xx.o(i.SystemCoreClockUpdate)
    SystemInit                               0x080016e9   Thumb Code    88  system_stm32l0xx.o(i.SystemInit)
    main                                     0x08001751   Thumb Code    48  main.o(i.main)
    AO_Blinky                                0x08001788   Data           4  blinky.o(.constdata)
    QF_pwr2Lkup                              0x080017b3   Data          65  qf_act.o(.constdata)
    QF_invPwr2Lkup                           0x080017f4   Data          65  qf_act.o(.constdata)
    QF_div8Lkup                              0x08001835   Data          65  qf_act.o(.constdata)
    QF_log2Lkup                              0x08001876   Data         256  qf_act.o(.constdata)
    Region$$Table$$Base                      0x080019ac   Number         0  anon$$obj.o(Region$$Table)
    Region$$Table$$Limit                     0x080019cc   Number         0  anon$$obj.o(Region$$Table)
    SystemCoreClock                          0x20000014   Data           4  system_stm32l0xx.o(.data)
    AHBPrescTable                            0x20000018   Data          16  system_stm32l0xx.o(.data)
    PLLMulTable                              0x20000028   Data           9  system_stm32l0xx.o(.data)
    QF_maxPool_                              0x20000034   Data           4  qf_dyn.o(.data)
    QF_active_                               0x2000009c   Data         132  qf_act.o(.bss)
    QF_pool_                                 0x20000120   Data          60  qf_dyn.o(.bss)
    QF_timeEvtHead_                          0x2000015c   Data          32  qf_time.o(.bss)
    QV_readySet_                             0x2000017c   Data          36  qv.o(.bss)
    __libspace_start                         0x200001a0   Data          96  libspace.o(.bss)
    __temporary_stack_top$libspace           0x20000200   Data           0  libspace.o(.bss)



==============================================================================

Memory Map of the image

  Image Entry point : 0x08000165

  Load Region LR_IROM1 (Base: 0x08000000, Size: 0x00001a04, Max: 0x00010000, ABSOLUTE)

    Execution Region ER_IROM1 (Base: 0x08000000, Size: 0x000019cc, Max: 0x00010000, ABSOLUTE)

    Base Addr    Size         Type   Attr      Idx    E Section Name        Object

    0x08000000   0x000000c0   Data   RO          406    RESET               startup_stm32l053xx.o
    0x080000c0   0x00000008   Code   RO          872  * !!!main             c_p.l(__main.o)
    0x080000c8   0x0000003c   Code   RO         1040    !!!scatter          c_p.l(__scatter.o)
    0x08000104   0x0000001a   Code   RO         1042    !!handler_copy      c_p.l(__scatter_copy.o)
    0x0800011e   0x00000002   PAD
    0x08000120   0x0000001c   Code   RO         1044    !!handler_zi        c_p.l(__scatter_zi.o)
    0x0800013c   0x00000002   Code   RO          910    .ARM.Collect$$libinit$$00000000  c_p.l(libinit.o)
    0x0800013e   0x00000000   Code   RO          924    .ARM.Collect$$libinit$$00000002  c_p.l(libinit2.o)
    0x0800013e   0x00000000   Code   RO          926    .ARM.Collect$$libinit$$00000004  c_p.l(libinit2.o)
    0x0800013e   0x00000000   Code   RO          929    .ARM.Collect$$libinit$$0000000A  c_p.l(libinit2.o)
    0x0800013e   0x00000000   Code   RO          931    .ARM.Collect$$libinit$$0000000C  c_p.l(libinit2.o)
    0x0800013e   0x00000000   Code   RO          933    .ARM.Collect$$libinit$$0000000E  c_p.l(libinit2.o)
    0x0800013e   0x00000000   Code   RO          936    .ARM.Collect$$libinit$$00000011  c_p.l(libinit2.o)
    0x0800013e   0x00000000   Code   RO          938    .ARM.Collect$$libinit$$00000013  c_p.l(libinit2.o)
    0x0800013e   0x00000000   Code   RO          940    .ARM.Collect$$libinit$$00000015  c_p.l(libinit2.o)
    0x0800013e   0x00000000   Code   RO          942    .ARM.Collect$$libinit$$00000017  c_p.l(libinit2.o)
    0x0800013e   0x00000000   Code   RO          944    .ARM.Collect$$libinit$$00000019  c_p.l(libinit2.o)
    0x0800013e   0x00000000   Code   RO          946    .ARM.Collect$$libinit$$0000001B  c_p.l(libinit2.o)
    0x0800013e   0x00000000   Code   RO          948    .ARM.Collect$$libinit$$0000001D  c_p.l(libinit2.o)
    0x0800013e   0x00000000   Code   RO          950    .ARM.Collect$$libinit$$0000001F  c_p.l(libinit2.o)
    0x0800013e   0x00000000   Code   RO          952    .ARM.Collect$$libinit$$00000021  c_p.l(libinit2.o)
    0x0800013e   0x00000000   Code   RO          954    .ARM.Collect$$libinit$$00000023  c_p.l(libinit2.o)
    0x0800013e   0x00000000   Code   RO          956    .ARM.Collect$$libinit$$00000025  c_p.l(libinit2.o)
    0x0800013e   0x00000000   Code   RO          960    .ARM.Collect$$libinit$$0000002C  c_p.l(libinit2.o)
    0x0800013e   0x00000000   Code   RO          962    .ARM.Collect$$libinit$$0000002E  c_p.l(libinit2.o)
    0x0800013e   0x00000000   Code   RO          964    .ARM.Collect$$libinit$$00000030  c_p.l(libinit2.o)
    0x0800013e   0x00000000   Code   RO          966    .ARM.Collect$$libinit$$00000032  c_p.l(libinit2.o)
    0x0800013e   0x00000002   Code   RO          967    .ARM.Collect$$libinit$$00000033  c_p.l(libinit2.o)
    0x08000140   0x00000002   Code   RO          998    .ARM.Collect$$libshutdown$$00000000  c_p.l(libshutdown.o)
    0x08000142   0x00000000   Code   RO         1025    .ARM.Collect$$libshutdown$$00000003  c_p.l(libshutdown2.o)
    0x08000142   0x00000000   Code   RO         1028    .ARM.Collect$$libshutdown$$00000006  c_p.l(libshutdown2.o)
    0x08000142   0x00000000   Code   RO         1031    .ARM.Collect$$libshutdown$$00000009  c_p.l(libshutdown2.o)
    0x08000142   0x00000000   Code   RO         1033    .ARM.Collect$$libshutdown$$0000000B  c_p.l(libshutdown2.o)
    0x08000142   0x00000000   Code   RO         1036    .ARM.Collect$$libshutdown$$0000000E  c_p.l(libshutdown2.o)
    0x08000142   0x00000002   Code   RO         1037    .ARM.Collect$$libshutdown$$0000000F  c_p.l(libshutdown2.o)
    0x08000144   0x00000000   Code   RO          874    .ARM.Collect$$rtentry$$00000000  c_p.l(__rtentry.o)
    0x08000144   0x00000000   Code   RO          880    .ARM.Collect$$rtentry$$00000002  c_p.l(__rtentry2.o)
    0x08000144   0x00000006   Code   RO          892    .ARM.Collect$$rtentry$$00000004  c_p.l(__rtentry4.o)
    0x0800014a   0x00000000   Code   RO          882    .ARM.Collect$$rtentry$$00000009  c_p.l(__rtentry2.o)
    0x0800014a   0x00000004   Code   RO          883    .ARM.Collect$$rtentry$$0000000A  c_p.l(__rtentry2.o)
    0x0800014e   0x00000000   Code   RO          885    .ARM.Collect$$rtentry$$0000000C  c_p.l(__rtentry2.o)
    0x0800014e   0x00000008   Code   RO          886    .ARM.Collect$$rtentry$$0000000D  c_p.l(__rtentry2.o)
    0x08000156   0x00000002   Code   RO          915    .ARM.Collect$$rtexit$$00000000  c_p.l(rtexit.o)
    0x08000158   0x00000000   Code   RO          971    .ARM.Collect$$rtexit$$00000002  c_p.l(rtexit2.o)
    0x08000158   0x00000004   Code   RO          972    .ARM.Collect$$rtexit$$00000003  c_p.l(rtexit2.o)
    0x0800015c   0x00000006   Code   RO          973    .ARM.Collect$$rtexit$$00000004  c_p.l(rtexit2.o)
    0x08000162   0x00000002   PAD
    0x08000164   0x0000006c   Code   RO          407  * .text               startup_stm32l053xx.o
    0x080001d0   0x0000015a   Code   RO          866    .text               c_p.l(aeabi_sdiv.o)
    0x0800032a   0x00000006   Code   RO          870    .text               c_p.l(heapauxi.o)
    0x08000330   0x0000003e   Code   RO          896    .text               c_p.l(sys_stackheap_outer.o)
    0x0800036e   0x0000000c   Code   RO          899    .text               c_p.l(exit.o)
    0x0800037a   0x00000002   PAD
    0x0800037c   0x00000008   Code   RO          911    .text               c_p.l(libspace.o)
    0x08000384   0x0000000c   Code   RO          968    .text               c_p.l(sys_exit.o)
    0x08000390   0x00000002   Code   RO          987    .text               c_p.l(use_no_semi.o)
    0x08000392   0x00000000   Code   RO          989    .text               c_p.l(indicate_semi.o)
    0x08000392   0x00000002   PAD
    0x08000394   0x0000048c   Code   RO          112    i.BSP_init          bsp.o
    0x08000820   0x00000014   Code   RO          113    i.BSP_led0Off       bsp.o
    0x08000834   0x00000014   Code   RO          114    i.BSP_led0On        bsp.o
    0x08000848   0x00000014   Code   RO          115    i.BSP_led1Off       bsp.o
    0x0800085c   0x00000014   Code   RO          116    i.BSP_led1On        bsp.o
    0x08000870   0x00000014   Code   RO          117    i.BSP_led2Off       bsp.o
    0x08000884   0x00000014   Code   RO          119    i.BSP_led3Off       bsp.o
    0x08000898   0x00000014   Code   RO          121    i.BSP_led4Off       bsp.o
    0x080008ac   0x00000014   Code   RO          122    i.BSP_led4On        bsp.o
    0x080008c0   0x00000014   Code   RO          123    i.BSP_led5Off       bsp.o
    0x080008d4   0x00000014   Code   RO          124    i.BSP_led5On        bsp.o
    0x080008e8   0x00000014   Code   RO          125    i.BSP_led6Off       bsp.o
    0x080008fc   0x00000014   Code   RO          126    i.BSP_led6On        bsp.o
    0x08000910   0x00000014   Code   RO          127    i.BSP_led7Off       bsp.o
    0x08000924   0x00000014   Code   RO          128    i.BSP_led7On        bsp.o
    0x08000938   0x00000014   Code   RO          129    i.BSP_ledAOff       bsp.o
    0x0800094c   0x00000014   Code   RO          130    i.BSP_ledAOn        bsp.o
    0x08000960   0x00000014   Code   RO          131    i.BSP_ledBOff       bsp.o
    0x08000974   0x00000014   Code   RO          132    i.BSP_ledBOn        bsp.o
    0x08000988   0x00000014   Code   RO          133    i.BSP_ledCOff       bsp.o
    0x0800099c   0x00000014   Code   RO          134    i.BSP_ledCOn        bsp.o
    0x080009b0   0x00000014   Code   RO          135    i.BSP_ledDOff       bsp.o
    0x080009c4   0x00000014   Code   RO          136    i.BSP_ledDOn        bsp.o
    0x080009d8   0x00000014   Code   RO          137    i.BSP_ledEOff       bsp.o
    0x080009ec   0x00000014   Code   RO          138    i.BSP_ledEOn        bsp.o
    0x08000a00   0x00000084   Code   RO           66    i.Blinky_0          blinky.o
    0x08000a84   0x00000084   Code   RO           67    i.Blinky_1          blinky.o
    0x08000b08   0x00000084   Code   RO           68    i.Blinky_4          blinky.o
    0x08000b8c   0x00000084   Code   RO           69    i.Blinky_5          blinky.o
    0x08000c10   0x00000024   Code   RO           70    i.Blinky_ctor       blinky.o
    0x08000c34   0x00000020   Code   RO           71    i.Blinky_initial    blinky.o
    0x08000c54   0x00000078   Code   RO          142    i.NVIC_SetPriority  bsp.o
    0x08000ccc   0x00000020   Code   RO          706    i.QActive_ctor      qf_qact.o
    0x08000cec   0x000000a4   Code   RO          541    i.QActive_get_      qf_actq.o
    0x08000d90   0x00000098   Code   RO          542    i.QActive_postLIFO_  qf_actq.o
    0x08000e28   0x000000bc   Code   RO          543    i.QActive_post_     qf_actq.o
    0x08000ee4   0x00000048   Code   RO          820    i.QActive_start_    qv.o
    0x08000f2c   0x00000016   Code   RO          720    i.QEQueue_init      qf_qeq.o
    0x08000f42   0x00000002   PAD
    0x08000f44   0x00000038   Code   RO          502    i.QF_add_           qf_act.o
    0x08000f7c   0x00000012   Code   RO          503    i.QF_bzero          qf_act.o
    0x08000f8e   0x00000002   PAD
    0x08000f90   0x00000054   Code   RO          597    i.QF_gc             qf_dyn.o
    0x08000fe4   0x00000034   Code   RO          822    i.QF_init           qv.o
    0x08001018   0x0000004c   Code   RO          144    i.QF_onStartup      bsp.o
    0x08001064   0x00000070   Code   RO          823    i.QF_run            qv.o
    0x080010d4   0x000000b0   Code   RO          765    i.QF_tickX_         qf_time.o
    0x08001184   0x00000014   Code   RO          411    i.QHsm_ctor         qep_hsm.o
    0x08001198   0x00000104   Code   RO          412    i.QHsm_dispatch_    qep_hsm.o
    0x0800129c   0x000000b8   Code   RO          413    i.QHsm_init_        qep_hsm.o
    0x08001354   0x00000006   Code   RO          415    i.QHsm_top          qep_hsm.o
    0x0800135a   0x00000002   PAD
    0x0800135c   0x00000170   Code   RO          416    i.QHsm_tran_        qep_hsm.o
    0x080014cc   0x0000003c   Code   RO          633    i.QMPool_put        qf_mem.o
    0x08001508   0x0000006c   Code   RO          766    i.QTimeEvt_armX     qf_time.o
    0x08001574   0x00000034   Code   RO          767    i.QTimeEvt_ctorX    qf_time.o
    0x080015a8   0x00000004   Code   RO          145    i.QV_onIdle         bsp.o
    0x080015ac   0x00000040   Code   RO          147    i.SysTick_Handler   bsp.o
    0x080015ec   0x000000fc   Code   RO          371    i.SystemCoreClockUpdate  system_stm32l0xx.o
    0x080016e8   0x00000068   Code   RO          372    i.SystemInit        system_stm32l0xx.o
    0x08001750   0x00000038   Code   RO            1    i.main              main.o
    0x08001788   0x00000004   Data   RO           73    .constdata          blinky.o
    0x0800178c   0x00000020   Data   RO          417    .constdata          qep_hsm.o
    0x080017ac   0x000001ca   Data   RO          506    .constdata          qf_act.o
    0x08001976   0x00000008   Data   RO          545    .constdata          qf_actq.o
    0x0800197e   0x00000007   Data   RO          601    .constdata          qf_dyn.o
    0x08001985   0x00000007   Data   RO          634    .constdata          qf_mem.o
    0x0800198c   0x00000014   Data   RO          707    .constdata          qf_qact.o
    0x080019a0   0x00000008   Data   RO          772    .constdata          qf_time.o
    0x080019a8   0x00000003   Data   RO          826    .constdata          qv.o
    0x080019ab   0x00000001   PAD
    0x080019ac   0x00000020   Data   RO         1038    Region$$Table       anon$$obj.o


    Execution Region RW_IRAM1 (Base: 0x20000000, Size: 0x00000600, Max: 0x00002000, ABSOLUTE)

    Base Addr    Size         Type   Attr      Idx    E Section Name        Object

    0x20000000   0x00000014   Data   RW          150    .data               bsp.o
    0x20000014   0x0000001d   Data   RW          373    .data               system_stm32l0xx.o
    0x20000031   0x00000003   PAD
    0x20000034   0x00000004   Data   RW          602    .data               qf_dyn.o
    0x20000038   0x00000028   Zero   RW            2    .bss                main.o
    0x20000060   0x0000003c   Zero   RW           72    .bss                blinky.o
    0x2000009c   0x00000084   Zero   RW          505    .bss                qf_act.o
    0x20000120   0x0000003c   Zero   RW          600    .bss                qf_dyn.o
    0x2000015c   0x00000020   Zero   RW          771    .bss                qf_time.o
    0x2000017c   0x00000024   Zero   RW          825    .bss                qv.o
    0x200001a0   0x00000060   Zero   RW          912    .bss                c_p.l(libspace.o)
    0x20000200   0x00000000   Zero   RW          405    HEAP                startup_stm32l053xx.o
    0x20000200   0x00000400   Zero   RW          404    STACK               startup_stm32l053xx.o


==============================================================================

Image component sizes


      Code (inc. data)   RO Data    RW Data    ZI Data      Debug   Object Name

       596         54          4          0         60       4498   blinky.o
      1908        160          0         20          0     138592   bsp.o
        56          8          0          0         40      13655   main.o
       838         42         32          0          0       4945   qep_hsm.o
        74         10        458          0        132       4017   qf_act.o
       504         54          8          0          0       3851   qf_actq.o
        84         12          7          4         60       1439   qf_dyn.o
        60          6          7          0          0       1325   qf_mem.o
        32          4         20          0          0        951   qf_qact.o
        22          0          0          0          0       1063   qf_qeq.o
       336         22          8          0         32       2967   qf_time.o
       236         36          3          0         36       2725   qv.o
       108         32        192          0       1024        880   startup_stm32l053xx.o
       356         42          0         29          0       2341   system_stm32l0xx.o

    ----------------------------------------------------------------------
      5216        482        772         56       1384     183249   Object Totals
         0          0         32          0          0          0   (incl. Generated)
         6          0          1          3          0          0   (incl. Padding)

    ----------------------------------------------------------------------

      Code (inc. data)   RO Data    RW Data    ZI Data      Debug   Library Member Name

         8          0          0          0          0         68   __main.o
         0          0          0          0          0          0   __rtentry.o
        12          0          0          0          0          0   __rtentry2.o
         6          0          0          0          0          0   __rtentry4.o
        60          8          0          0          0          0   __scatter.o
        26          0          0          0          0          0   __scatter_copy.o
        28          0          0          0          0          0   __scatter_zi.o
       346          0          0          0          0         92   aeabi_sdiv.o
        12          0          0          0          0         64   exit.o
         6          0          0          0          0        136   heapauxi.o
         0          0          0          0          0          0   indicate_semi.o
         2          0          0          0          0          0   libinit.o
         2          0          0          0          0          0   libinit2.o
         2          0          0          0          0          0   libshutdown.o
         2          0          0          0          0          0   libshutdown2.o
         8          4          0          0         96         68   libspace.o
         2          0          0          0          0          0   rtexit.o
        10          0          0          0          0          0   rtexit2.o
        12          4          0          0          0         60   sys_exit.o
        62          0          0          0          0         80   sys_stackheap_outer.o
         2          0          0          0          0         68   use_no_semi.o

    ----------------------------------------------------------------------
       616         16          0          0         96        636   Library Totals
         8          0          0          0          0          0   (incl. Padding)

    ----------------------------------------------------------------------

      Code (inc. data)   RO Data    RW Data    ZI Data      Debug   Library Name

       608         16          0          0         96        636   c_p.l

    ----------------------------------------------------------------------
       616         16          0          0         96        636   Library Totals

    ----------------------------------------------------------------------

==============================================================================


      Code (inc. data)   RO Data    RW Data    ZI Data      Debug   

      5832        498        772         56       1480     181321   Grand Totals
      5832        498        772         56       1480     181321   ELF Image Totals
      5832        498        772         56          0          0   ROM Totals

==============================================================================

    Total RO  Size (Code + RO Data)                 6604 (   6.45kB)
    Total RW  Size (RW Data + ZI Data)              1536 (   1.50kB)
    Total ROM Size (Code + RO Data + RW Data)       6660 (   6.50kB)

==============================================================================

