<html>
<body>
<pre>
<h1>µVision Build Log</h1>
<h2>Tool Versions:</h2>
IDE-Version: µVision V5.15
Copyright (C) 2015 ARM Ltd and ARM Germany GmbH. All rights reserved.
License Information: Ray Metz, self, LIC=----
 
Tool Versions:
Toolchain:       MDK-Lite  Version: 5.15.0
Toolchain Path:  C:\Keil_v5\ARM\ARMCC\Bin
C Compiler:      Armcc.exe V5.05 update 2 (build 169)
Assembler:       Armasm.exe V5.05 update 2 (build 169)
Linker/Locator:  ArmLink.exe V5.05 update 2 (build 169)
Library Manager: ArmAr.exe V5.05 update 2 (build 169)
Hex Converter:   FromElf.exe V5.05 update 2 (build 169)
CPU DLL:         SARMCM3.DLL V5.15.0
Dialog DLL:      DARMCM1.DLL V1.12.0.0
Target DLL:      STLink\ST-LINKIII-KEIL_SWO.dll V2.0.15.0_KEIL
Dialog DLL:      TARMCM1.DLL V1.9.0.0
 
<h2>Project:</h2>
C:\Users\RayM\Documents\GitHub\TextWalkieTalkie\DevelopmentCode\TextWalkieTalkie\KIEL_MDK-ARM\KielMdkProject.uvprojx
Project File Date:  06/09/2015

<h2>Output:</h2>
*** Using Compiler 'V5.05 update 2 (build 169)', folder: 'C:\Keil_v5\ARM\ARMCC\Bin'
Build target 'Target 1'
compiling bsp.c...
linking...
Program Size: Code=798 RO-data=234 RW-data=24 ZI-data=1320  
".\Objects\KielMdkProject.axf" - 0 Error(s), 0 Warning(s).

<h2>Collection of Component include folders:</h2>
  C:\Users\RayM\Documents\GitHub\TextWalkieTalkie\DevelopmentCode\TextWalkieTalkie\KIEL_MDK-ARM\RTE
  C:\Keil_v5\ARM\PACK\Keil\STM32L0xx_DFP\1.3.0\Device\Include

<h2>Collection of Component Files used:</h2>
</pre>
</body>
</html>
